[vite:react-swc] We recommend switching to `@vitejs/plugin-react` for improved performance as no swc plugins are used. More information at https://vite.dev/rolldown

[1m[46m RUN [49m[22m [36mv4.0.18 [39m[90m/app[39m

[90mstdout[2m | src/services/auth/login/login.api.test.js[2m > [22m[2mauthSlice - Comprehensive Testing[2m > [22m[2mnên xử lý loginThunk.fulfilled và lưu đúng thông tin
[22m[39mDữ liệu đã giải mã: { id: [32m'123'[39m, email: [32m'test@gmail.com'[39m, role: [32m'Admin'[39m }

[90mstderr[2m | src/services/auth/login/login.api.test.js[2m > [22m[2mauthSlice - Comprehensive Testing[2m > [22m[2mnên đặt user = null nếu token hợp lệ nhưng jwtDecode bị lỗi
[22m[39mLỗi khi giải mã token: Error: Invalid Token Format
    at [90m/app/[39msrc/services/auth/login/login.api.test.js:64:13
    at Mock [90m(file:///app/[39mnode_modules/[4m@vitest/spy[24m/dist/index.js:285:34[90m)[39m
    at [90m/app/[39msrc/store/auth/auth.slice.js:38:36
    at [90mfile:///app/[39mnode_modules/[4m@reduxjs/toolkit[24m/dist/redux-toolkit.modern.mjs:721:20
    at Immer2.produce [90m(file:///app/[39mnode_modules/[4mimmer[24m/dist/immer.mjs:701:20[90m)[39m
    at [90mfile:///app/[39mnode_modules/[4m@reduxjs/toolkit[24m/dist/redux-toolkit.modern.mjs:720:18
    at Array.reduce (<anonymous>)
    at reducer [90m(file:///app/[39mnode_modules/[4m@reduxjs/toolkit[24m/dist/redux-toolkit.modern.mjs:701:25[90m)[39m
    at reducer [90m(file:///app/[39mnode_modules/[4m@reduxjs/toolkit[24m/dist/redux-toolkit.modern.mjs:1127:14[90m)[39m
    at [90m/app/[39msrc/services/auth/login/login.api.test.js:71:19

 [32m✓[39m src/services/auth/login/login.api.test.js [2m([22m[2m7 tests[22m[2m)[22m[32m 103[2mms[22m[39m
 [31m❯[39m src/components/auth/auth-right/AuthLoginForm.test.jsx [2m([22m[2m6 tests[22m[2m | [22m[31m4 failed[39m[2m)[22m[33m 617[2mms[22m[39m
[31m     [31m×[31m nút Sign In và các input phải bị disabled khi đang loading[39m[33m 552[2mms[22m[39m
     [32m✓[39m hiển thị chính xác thông báo lỗi từ API (xử lý cả trường hợp object có title)[32m 14[2mms[22m[39m
[31m     [31m×[31m thay đổi kiểu input từ password sang text khi click icon mắt[39m[32m 16[2mms[22m[39m
[31m     [31m×[31m gửi thông tin đăng nhập đúng đến loginThunk khi nhấn Sign In[39m[32m 13[2mms[22m[39m
     [32m✓[39m không hiển thị form nếu người dùng đã đăng nhập thành công[32m 9[2mms[22m[39m
[31m     [31m×[31m các input email và password phải có thuộc tính required[39m[32m 11[2mms[22m[39m
 [31m❯[39m src/components/layouts/Header.test.jsx [2m([22m[2m5 tests[22m[2m | [22m[31m4 failed[39m[2m | [22m[33m1 skipped[39m[2m)[22m[32m 272[2mms[22m[39m
       [2m[90m↓[39m[22m nên hiển thị thông tin User chính xác
[31m       [31m×[31m nên tương tác đầy đủ với Dropdown Profile[39m[32m 159[2mms[22m[39m
[31m       [31m×[31m nên cho phép nhập từ khóa vào ô Search[39m[32m 56[2mms[22m[39m
[31m       [31m×[31m nên kích hoạt Fullscreen khi nhấn nút[39m[32m 32[2mms[22m[39m
[31m       [31m×[31m nên gọi Logout và chuyển hướng về /login[39m[32m 23[2mms[22m[39m
[90mstdout[2m | src/store/auth/auth.thunk.test.js[2m > [22m[2mauthThunk - Advanced Test Cases[2m > [22m[2mnên lưu đúng định dạng JSON cho user vào localStorage khi thành công
[22m[39m{
  accessToken: [32m'token_xyz'[39m,
  user: { id: [33m99[39m, role: [32m'Staff'[39m },
  data: { accessToken: [32m'token_xyz'[39m }
}

[90mstdout[2m | src/store/auth/auth.thunk.test.js[2m > [22m[2mauthThunk - Advanced Test Cases[2m > [22m[2mvẫn phải hoạt động nếu res.user bị undefined (kiểm tra tính an toàn)
[22m[39m{ accessToken: [32m'token_only'[39m, data: { accessToken: [32m'token_only'[39m } }

[90mstdout[2m | src/store/auth/auth.thunk.test.js[2m > [22m[2mauthThunk - Advanced Test Cases[2m > [22m[2mphải gọi API với đúng thông tin email và password được cung cấp
[22m[39m{ data: {} }

[90mstdout[2m | src/store/auth/auth.thunk.test.js[2m > [22m[2mauthThunk - Advanced Test Cases[2m > [22m[2mphải lưu vào localStorage TRƯỚC KHI kết thúc action fulfilled
[22m[39m{
  accessToken: [32m'final_token'[39m,
  user: { id: [33m1[39m },
  data: { success: [33mtrue[39m }
}

 [32m✓[39m src/store/auth/auth.thunk.test.js [2m([22m[2m6 tests[22m[2m)[22m[32m 14[2mms[22m[39m
[90mstdout[2m | src/store/auth/auth.slice.test.js[2m > [22m[2mauthSlice - Comprehensive & Edge Case Tests[2m > [22m[2mnên cập nhật user và lưu vào localStorage khi login thành công
[22m[39mDữ liệu đã giải mã: { id: [32m'1'[39m, role: [32m'Admin'[39m }

 [32m✓[39m src/store/auth/auth.slice.test.js [2m([22m[2m5 tests[22m[2m)[22m[32m 24[2mms[22m[39m
 [31m❯[39m src/page/auth/login/LoginPage.test.jsx [2m([22m[2m5 tests[22m[2m | [22m[31m4 failed[39m[2m)[22m[33m 408[2mms[22m[39m
[31m     [31m×[31m nên render khung trang và card layout đúng class Bootstrap[39m[32m 238[2mms[22m[39m
     [32m✓[39m nên hiển thị thông báo lỗi khi có error trong state[32m 44[2mms[22m[39m
[31m     [31m×[31m nên disable các trường input khi đang loading[39m[32m 54[2mms[22m[39m
[31m     [31m×[31m nên cho phép nhập liệu vào form[39m[32m 31[2mms[22m[39m
[31m     [31m×[31m nên chuyển đổi hiển thị mật khẩu khi nhấn icon eye[39m[32m 40[2mms[22m[39m
Not implemented: Window's getComputedStyle() method: with pseudo-elements
Not implemented: Window's getComputedStyle() method: with pseudo-elements
[90mstdout[2m | src/components/layouts/MainLayouts.test.jsx[2m > [22m[2mMainLayouts Component[2m > [22m[2mnên thay đổi kích thước sidebar khi người dùng nhấn nút toggle trong Header
[22m[39m[36m<body[39m
  [33mdata-layout[39m=[32m"vertical"[39m
  [33mdata-sidebar[39m=[32m"dark"[39m
  [33mdata-sidebar-size[39m=[32m"lg"[39m
[36m>[39m
  [36m<div>[39m
    [36m<div[39m
      [33mid[39m=[32m"layout-wrapper"[39m
    [36m>[39m
      [36m<header[39m
        [33mclass[39m=[32m"border-bottom shadow-sm position-fixed top-0 end-0 bg-white"[39m
        [33mstyle[39m=[32m"z-index: 1001; height: 70px; left: 250px; width: calc(100% - 250px); transition: all 0.3s ease-in-out;"[39m
      [36m>[39m
        [36m<div[39m
          [33mclass[39m=[32m"h-100 px-4 container-fluid"[39m
        [36m>[39m
          [36m<div[39m
            [33mclass[39m=[32m"d-flex justify-content-between align-items-center h-100"[39m
          [36m>[39m
            [36m<div[39m
              [33mclass[39m=[32m"d-flex align-items-center gap-3"[39m
            [36m>[39m
              [36m<button[39m
                [33mclass[39m=[32m"d-flex align-items-center justify-content-center p-0 border-0 custom-toggle-btn shadow-none btn btn-light"[39m
                [33mstyle[39m=[32m"width: 40px; height: 40px;"[39m
                [33mtype[39m=[32m"button"[39m
              [36m>[39m
                [36m<svg[39m
                  [33maria-hidden[39m=[32m"true"[39m
                  [33mclass[39m=[32m"lucide lucide-menu toggle-icon text-primary"[39m
                  [33mfill[39m=[32m"none"[39m
                  [33mheight[39m=[32m"20"[39m
                  [33mstroke[39m=[32m"currentColor"[39m
                  [33mstroke-linecap[39m=[32m"round"[39m
                  [33mstroke-linejoin[39m=[32m"round"[39m
                  [33mstroke-width[39m=[32m"2"[39m
                  [33mviewBox[39m=[32m"0 0 24 24"[39m
                  [33mwidth[39m=[32m"20"[39m
                  [33mxmlns[39m=[32m"http://www.w3.org/2000/svg"[39m
                [36m>[39m
                  [36m<path[39m
                    [33md[39m=[32m"M4 5h16"[39m
                  [36m/>[39m
                  [36m<path[39m
                    [33md[39m=[32m"M4 12h16"[39m
                  [36m/>[39m
                  [36m<path[39m
                    [33md[39m=[32m"M4 19h16"[39m
                  [36m/>[39m
                [36m</svg>[39m
              [36m</button>[39m
              [36m<form[39m
                [33mclass[39m=[32m"d-none d-md-block ms-2"[39m
              [36m>[39m
                [36m<div[39m
                  [33mclass[39m=[32m"bg-light rounded-pill px-3 py-1 border-0 input-group input-group-sm"[39m
                [36m>[39m
                  [36m<svg[39m
                    [33maria-hidden[39m=[32m"true"[39m
                    [33mclass[39m=[32m"lucide lucide-search text-muted me-2"[39m
                    [33mfill[39m=[32m"none"[39m
                    [33mheight[39m=[32m"16"[39m
                    [33mstroke[39m=[32m"currentColor"[39m
                    [33mstroke-linecap[39m=[32m"round"[39m
                    [33mstroke-linejoin[39m=[32m"round"[39m
                    [33mstroke-width[39m=[32m"2"[39m
                    [33mviewBox[39m=[32m"0 0 24 24"[39m
                    [33mwidth[39m=[32m"16"[39m
                    [33mxmlns[39m=[32m"http://www.w3.org/2000/svg"[39m
                  [36m>[39m
                    [36m<path[39m
                      [33md[39m=[32m"m21 21-4.34-4.34"[39m
                    [36m/>[39m
                    [36m<circle[39m
                      [33mcx[39m=[32m"11"[39m
                      [33mcy[39m=[32m"11"[39m
                      [33mr[39m=[32m"8"[39m
                    [36m/>[39m
                  [36m</svg>[39m
                  [36m<input[39m
                    [33mclass[39m=[32m"bg-transparent border-0 shadow-none p-0 form-control"[39m
                    [33mplaceholder[39m=[32m"Tìm kiếm..."[39m
                    [33mstyle[39m=[32m"width: 180px;"[39m
                  [36m/>[39m
                [36m</div>[39m
              [36m</form>[39m
            [36m</div>[39m
            [36m<div[39m
              [33mclass[39m=[32m"d-flex align-items-center gap-2"[39m
            [36m>[39m
              [36m<button[39m
                [33mclass[39m=[32m"bg-transparent border-0 p-2 shadow-none rounded-circle theme-toggle-btn btn btn-light"[39m
                [33mtype[39m=[32m"button"[39m
              [36m>[39m
                [36m<svg[39m
                  [33maria-hidden[39m=[32m"true"[39m
                  [33mclass[39m=[32m"lucide lucide-moon text-muted"[39m
                  [33mfill[39m=[32m"none"[39m
                  [33mheight[39m=[32m"20"[39m
                  [33mstroke[39m=[32m"currentColor"[39m
                  [33mstroke-linecap[39m=[32m"round"[39m
                  [33mstroke-linejoin[39m=[32m"round"[39m
                  [33mstroke-width[39m=[32m"2"[39m
                  [33mviewBox[39m=[32m"0 0 24 24"[39m
                  [33mwidth[39m=[32m"20"[39m
                  [33mxmlns[39m=[32m"http://www.w3.org/2000/svg"[39m
                [36m>[39m
                  [36m<path[39m
                    [33md[39m=[32m"M20.985 12.486a9 9 0 1 1-9.473-9.472c.405-.022.617.46.402.803a6 6 0 0 0 8.268 8.268c.344-.215.825-.004.803.401"[39m
                  [36m/>[39m
                [36m</svg>[39m
              [36m</button>[39m
              [36m<button[39m
                [33mclass[39m=[32m"bg-transparent border-0 p-2 shadow-none rounded-circle btn btn-light"[39m
                [33mtype[39m=[32m"button"[39m
              [36m>[39m
                [36m<svg[39m
                  [33maria-hidden[39m=[32m"true"[39m
                  [33mclass[39m=[32m"lucide lucide-maximize text-muted"[39m
                  [33mfill[39m=[32m"none"[39m
                  [33mheight[39m=[32m"20"[39m
                  [33mstroke[39m=[32m"currentColor"[39m
                  [33mstroke-linecap[39m=[32m"round"[39m
                  [33mstroke-linejoin[39m=[32m"round"[39m
                  [33mstroke-width[39m=[32m"2"[39m
                  [33mviewBox[39m=[32m"0 0 24 24"[39m
                  [33mwidth[39m=[32m"20"[39m
                  [33mxmlns[39m=[32m"http://www.w3.org/2000/svg"[39m
                [36m>[39m
                  [36m<path[39m
                    [33md[39m=[32m"M8 3H5a2 2 0 0 0-2 2v3"[39m
                  [36m/>[39m
                  [36m<path[39m
                    [33md[39m=[32m"M21 8V5a2 2 0 0 0-2-2h-3"[39m
                  [36m/>[39m
                  [36m<path[39m
                    [33md[39m=[32m"M3 16v3a2 2 0 0 0 2 2h3"[39m
                  [36m/>[39m
                  [36m<path[39m
                    [33md[39m=[32m"M16 21h3a2 2 0 0 0 2-2v-3"[39m
   ...

Not implemented: Window's getComputedStyle() method: with pseudo-elements
 [31m❯[39m src/components/layouts/MainLayouts.test.jsx [2m([22m[2m3 tests[22m[2m | [22m[31m1 failed[39m[2m)[22m[33m 584[2mms[22m[39m
     [33m[2m✓[22m[39m nên thiết lập các thuộc tính data-attributes lên thẻ body khi mount [33m 414[2mms[22m[39m
[31m     [31m×[31m nên thay đổi kích thước sidebar khi người dùng nhấn nút toggle trong Header[39m[32m 85[2mms[22m[39m
     [32m✓[39m nên xóa class 'sidebar-enable' khi click vào lớp phủ (overlay)[32m 83[2mms[22m[39m
 [32m✓[39m src/main.test.jsx [2m([22m[2m5 tests[22m[2m)[22m[32m 70[2mms[22m[39m
Not implemented: Window's getComputedStyle() method: with pseudo-elements
Not implemented: Window's getComputedStyle() method: with pseudo-elements
 [32m✓[39m src/components/layouts/Navbar.test.jsx [2m([22m[2m2 tests[22m[2m)[22m[33m 547[2mms[22m[39m
     [33m[2m✓[22m[39m nên hiển thị menu 'User Management' khi user là Admin [33m 488[2mms[22m[39m
[90mstderr[2m | src/components/auth/auth-left/AuthLeftQuotes.test.jsx[2m > [22m[2mAuthLeftQuotes[2m > [22m[2mchuyển sang quote tiếp theo sau một khoảng thời gian
[22m[39mAn update to Carousel inside a test was not wrapped in act(...).

When testing, code that causes React state updates should be wrapped into act(...):

act(() => {
  /* fire events that update state */
});
/* assert on the output */

This ensures that you're testing the behavior the user would see in the browser. Learn more at https://react.dev/link/wrap-tests-with-act

 [31m❯[39m src/components/auth/auth-left/AuthLeftQuotes.test.jsx [2m([22m[2m4 tests[22m[2m | [22m[31m1 failed[39m[2m)[22m[33m 338[2mms[22m[39m
     [32m✓[39m render ít nhất một quote mặc định[32m 164[2mms[22m[39m
     [32m✓[39m chuyển sang quote tiếp theo sau một khoảng thời gian[32m 142[2mms[22m[39m
[31m   [31m×[31m nên hiển thị icon dấu ngoặc kép để nhận diện khu vực quote[39m[32m 17[2mms[22m[39m
   [32m✓[39m nên hiển thị tên tác giả hoặc chức danh[32m 11[2mms[22m[39m
 [31m❯[39m src/components/auth/auth-right/AuthRightHeader.test.jsx [2m([22m[2m3 tests[22m[2m | [22m[31m3 failed[39m[2m)[22m[33m 499[2mms[22m[39m
[31m     [31m×[31m nên hiển thị tiêu đề chính (Heading)[39m[33m 416[2mms[22m[39m
[31m     [31m×[31m nên hiển thị sub-title phù hợp với nội dung[39m[32m 22[2mms[22m[39m
[31m     [31m×[31m nên có class CSS đúng để hiển thị màu sắc thương hiệu[39m[32m 58[2mms[22m[39m
 [32m✓[39m src/components/auth/auth-left/AuthLeft.test.jsx [2m([22m[2m2 tests[22m[2m)[22m[33m 341[2mms[22m[39m
 [32m✓[39m src/components/auth/auth-right/AuthRegisterLink.test.jsx [2m([22m[2m1 test[22m[2m)[22m[32m 251[2mms[22m[39m
 [32m✓[39m src/components/layouts/DashboardLayout.test.jsx [2m([22m[2m1 test[22m[2m)[22m[32m 235[2mms[22m[39m
 [32m✓[39m src/components/auth/auth-left/AuthLeftLogo.test.jsx [2m([22m[2m2 tests[22m[2m)[22m[32m 60[2mms[22m[39m
 [31m❯[39m src/components/auth/auth-right/AuthRight.test.jsx [2m([22m[2m1 test[22m[2m | [22m[31m1 failed[39m[2m)[22m[32m 102[2mms[22m[39m
[31m   [31m×[31m render AuthRight layout[39m[32m 99[2mms[22m[39m
 [32m✓[39m src/components/layouts/Footer.test.jsx [2m([22m[2m1 test[22m[2m)[22m[32m 44[2mms[22m[39m
 [31m❯[39m src/App.test.jsx [2m([22m[2m3 tests[22m[2m | [22m[31m2 failed[39m[2m | [22m[33m1 skipped[39m[2m)[22m[33m 16210[2mms[22m[39m
[31m     [31m×[31m nên hiển thị trang Login khi chưa đăng nhập[39m[33m 8134[2mms[22m[39m
     [2m[90m↓[39m[22m nên hiển thị Access Denied khi không đủ quyền
[31m     [31m×[31m nên hiển thị Header khi Admin đăng nhập thành công[39m[33m 8074[2mms[22m[39m

[31m⎯⎯⎯⎯⎯⎯[39m[1m[41m Failed Tests 20 [49m[22m[31m⎯⎯⎯⎯⎯⎯⎯[39m

[41m[1m FAIL [22m[49m src/App.test.jsx[2m > [22mApp Integration - Security & Roles[2m > [22mnên hiển thị trang Login khi chưa đăng nhập
[31m[1mTestingLibraryElementError[22m[39m: Unable to find role="heading" and name `/Sign In/i`

Ignored nodes: comments, script, style
[36m<body[39m
  [33mstyle[39m=[32m"overflow: hidden;"[39m
[36m>[39m
  [36m<div>[39m
    [36m<div[39m
      [33mclass[39m=[32m"auth-page-wrapper bg-light d-flex align-items-center justify-content-center min-vh-100 py-4"[39m
      [33mstyle[39m=[32m"overflow-y: auto;"[39m
    [36m>[39m
      [36m<div[39m
        [33mclass[39m=[32m"container p-0"[39m
      [36m>[39m
        [36m<div[39m
          [33mclass[39m=[32m"row justify-content-center g-0"[39m
        [36m>[39m
          [36m<div[39m
            [33mclass[39m=[32m"col-xl-9 col-lg-10 col-md-11 p-0"[39m
          [36m>[39m
            [36m<div[39m
              [33mclass[39m=[32m"auth-card d-flex flex-column flex-lg-row border-0 shadow-lg rounded-4 mx-3 mx-lg-2 bg-white overflow-hidden"[39m
            [36m>[39m
              [36m<div[39m
                [33mclass[39m=[32m"col-lg-6 d-none d-lg-block p-0"[39m
              [36m>[39m
                [36m<div[39m
                  [33mclass[39m=[32m"auth-one-bg auth-left h-100 position-relative"[39m
                [36m>[39m
                  [36m<div[39m
                    [33mclass[39m=[32m"bg-overlay"[39m
                  [36m/>[39m
                  [36m<div[39m
                    [33mclass[39m=[32m"auth-left-inner"[39m
                  [36m>[39m
                    [36m<div[39m
                      [33mclass[39m=[32m"auth-left-content"[39m
                    [36m>[39m
                      [36m<div>[39m
                        [36m<div[39m
                          [33mclass[39m=[32m"mb-4"[39m
                        [36m>[39m
                          [36m<a[39m
                            [33mclass[39m=[32m"d-block"[39m
                            [33mdata-discover[39m=[32m"true"[39m
                            [33mhref[39m=[32m"/"[39m
                          [36m>[39m
                            [36m<img[39m
                              [33malt[39m=[32m"logo"[39m
                              [33mheight[39m=[32m"22"[39m
                              [33msrc[39m=[32m"/src/assets/images/logo-light.png"[39m
                            [36m/>[39m
                          [36m</a>[39m
                        [36m</div>[39m
                        [36m<div[39m
                          [33mclass[39m=[32m"mt-4 text-white"[39m
                          [33mstyle[39m=[32m"padding-left: 5px;"[39m
                        [36m>[39m
                          [36m<h1[39m
                            [33mclass[39m=[32m"display-6 fw-bold mb-3 text-white"[39m
                          [36m>[39m
                            [0mLabel data with [0m
                            [36m<br />[39m
                            [36m<span[39m
                              [33mclass[39m=[32m"text-primary"[39m
                            [36m>[39m
                              [0mprecision.[0m
                            [36m</span>[39m
                          [36m</h1>[39m
                          [36m<p[39m
                            [33mclass[39m=[32m"text-white-50 fs-16 fw-light max-w-text"[39m
                          [36m>[39m
                            [0mNền tảng gán nhãn dữ liệu thông minh, chuyển hóa hình ảnh thành trí tuệ nhân tạo.[0m
                          [36m</p>[39m
                        [36m</div>[39m
                      [36m</div>[39m
                      [36m<div[39m
                        [33mclass[39m=[32m"annotation-box"[39m
                        [33mstyle[39m=[32m"top: 60%; left: 15%; width: 62%; height: 18%;"[39m
                      [36m>[39m
                        [36m<span[39m
                          [33mclass[39m=[32m"annotation-tag"[39m
                        [36m>[39m
                          [36m<i[39m
                            [33mclass[39m=[32m"ri-focus-3-line me-1"[39m
                          [36m/>[39m
                          [0mLaptop: Object 99.2%[0m
                        [36m</span>[39m
                        [36m<div[39m
                          [33mclass[39m=[32m"anchor-point"[39m
                          [33mstyle[39m=[32m"top: 0px; left: 0px;"[39m
                        [36m/>[39m
                        [36m<div[39m
                          [33mclass[39m=[32m"anchor-point"[39m
                          [33mstyle[39m=[32m"top: 0px; left: 100%;"[39m
                        [36m/>[39m
                        [36m<div[39m
                          [33mclass[39m=[32m"anchor-point"[39m
                          [33mstyle[39m=[32m"top: 100%; left: 0px;"[39m
                        [36m/>[39m
                        [36m<div[39m
                          [33mclass[39m=[32m"anchor-point"[39m
                          [33mstyle[39m=[32m"top: 100%; left: 100%;"[39m
                        [36m/>[39m
                      [36m</div>[39m
                      [36m<div[39m
                        [33mclass[39m=[32m"quotes-wrapper"[39m
                        [33mstyle[39m=[32m"padding-left: 5px; padding-top: 30px;"[39m
                      [36m>[39m
                        [36m<div[39m
                          [33mclass[39m=[32m"w-100 quotes-carousel-container"[39m
                        [36m>[39m
                          [36m<div[39m
                            [33mclass[39m=[32m"text-start carousel slide carousel-fade"[39m
                          [36m>[39m
                            [36m<div[39m
                              [33mclass[39m=[32m"carousel-indicators"[39m
                            [36m>[39m
                              [36m<button[39m
                                [33maria-current[39m=[32m"false"[39m
                                [33maria-label[39m=[32m"Slide 1"[39m
                                [33mdata-bs-target[39m=[32m""[39m
                                [33mtype[39m=[32m"button"[39m
                              [36m/>[39m
                              [36m<button[39m
                                [33maria-current[39m=[32m"false"[39m
                                [33maria-label[39m=[32m"Slide 2"[39m
                                [33mdata-bs-target[39m=[32m""[39m
                                [33mtype[39m=[32m"button"[39m
                              [36m/>[39m
                              [36m<button[39m
                                [33maria-current[39m=[32m"true"[39m
                                [33maria-label[39m=[32m"Slide 3"[39m
                                [33mclass[39m=[32m"active"[39m
                                [33mdata-bs-target[39m=[32m""[39m
                                [33mtype[39m=[32m"button"[39m
                              [36m/>[39m
                            [36m</div>[...

Ignored nodes: comments, script, style
[36m<body[39m
  [33mstyle[39m=[32m"overflow: hidden;"[39m
[36m>[39m
  [36m<div>[39m
    [36m<div[39m
      [33mclass[39m=[32m"auth-page-wrapper bg-light d-flex align-items-center justify-content-center min-vh-100 py-4"[39m
      [33mstyle[39m=[32m"overflow-y: auto;"[39m
    [36m>[39m
      [36m<div[39m
        [33mclass[39m=[32m"container p-0"[39m
      [36m>[39m
        [36m<div[39m
          [33mclass[39m=[32m"row justify-content-center g-0"[39m
        [36m>[39m
          [36m<div[39m
            [33mclass[39m=[32m"col-xl-9 col-lg-10 col-md-11 p-0"[39m
          [36m>[39m
            [36m<div[39m
              [33mclass[39m=[32m"auth-card d-flex flex-column flex-lg-row border-0 shadow-lg rounded-4 mx-3 mx-lg-2 bg-white overflow-hidden"[39m
            [36m>[39m
              [36m<div[39m
                [33mclass[39m=[32m"col-lg-6 d-none d-lg-block p-0"[39m
              [36m>[39m
                [36m<div[39m
                  [33mclass[39m=[32m"auth-one-bg auth-left h-100 position-relative"[39m
                [36m>[39m
                  [36m<div[39m
                    [33mclass[39m=[32m"bg-overlay"[39m
                  [36m/>[39m
                  [36m<div[39m
                    [33mclass[39m=[32m"auth-left-inner"[39m
                  [36m>[39m
                    [36m<div[39m
                      [33mclass[39m=[32m"auth-left-content"[39m
                    [36m>[39m
                      [36m<div>[39m
                        [36m<div[39m
                          [33mclass[39m=[32m"mb-4"[39m
                        [36m>[39m
                          [36m<a[39m
                            [33mclass[39m=[32m"d-block"[39m
                            [33mdata-discover[39m=[32m"true"[39m
                            [33mhref[39m=[32m"/"[39m
                          [36m>[39m
                            [36m<img[39m
                              [33malt[39m=[32m"logo"[39m
                              [33mheight[39m=[32m"22"[39m
                              [33msrc[39m=[32m"/src/assets/images/logo-light.png"[39m
                            [36m/>[39m
                          [36m</a>[39m
                        [36m</div>[39m
                        [36m<div[39m
                          [33mclass[39m=[32m"mt-4 text-white"[39m
                          [33mstyle[39m=[32m"padding-left: 5px;"[39m
                        [36m>[39m
                          [36m<h1[39m
                            [33mclass[39m=[32m"display-6 fw-bold mb-3 text-white"[39m
                          [36m>[39m
                            [0mLabel data with [0m
                            [36m<br />[39m
                            [36m<span[39m
                              [33mclass[39m=[32m"text-primary"[39m
                            [36m>[39m
                              [0mprecision.[0m
                            [36m</span>[39m
                          [36m</h1>[39m
                          [36m<p[39m
                            [33mclass[39m=[32m"text-white-50 fs-16 fw-light max-w-text"[39m
                          [36m>[39m
                            [0mNền tảng gán nhãn dữ liệu thông minh, chuyển hóa hình ảnh thành trí tuệ nhân tạo.[0m
                          [36m</p>[39m
                        [36m</div>[39m
                      [36m</div>[39m
                      [36m<div[39m
                        [33mclass[39m=[32m"annotation-box"[39m
                        [33mstyle[39m=[32m"top: 60%; left: 15%; width: 62%; height: 18%;"[39m
                      [36m>[39m
                        [36m<span[39m
                          [33mclass[39m=[32m"annotation-tag"[39m
                        [36m>[39m
                          [36m<i[39m
                            [33mclass[39m=[32m"ri-focus-3-line me-1"[39m
                          [36m/>[39m
                          [0mLaptop: Object 99.2%[0m
                        [36m</span>[39m
                        [36m<div[39m
                          [33mclass[39m=[32m"anchor-point"[39m
                          [33mstyle[39m=[32m"top: 0px; left: 0px;"[39m
                        [36m/>[39m
                        [36m<div[39m
                          [33mclass[39m=[32m"anchor-point"[39m
                          [33mstyle[39m=[32m"top: 0px; left: 100%;"[39m
                        [36m/>[39m
                        [36m<div[39m
                          [33mclass[39m=[32m"anchor-point"[39m
                          [33mstyle[39m=[32m"top: 100%; left: 0px;"[39m
                        [36m/>[39m
                        [36m<div[39m
                          [33mclass[39m=[32m"anchor-point"[39m
                          [33mstyle[39m=[32m"top: 100%; left: 100%;"[39m
                        [36m/>[39m
                      [36m</div>[39m
                      [36m<div[39m
                        [33mclass[39m=[32m"quotes-wrapper"[39m
                        [33mstyle[39m=[32m"padding-left: 5px; padding-top: 30px;"[39m
                      [36m>[39m
                        [36m<div[39m
                          [33mclass[39m=[32m"w-100 quotes-carousel-container"[39m
                        [36m>[39m
                          [36m<div[39m
                            [33mclass[39m=[32m"text-start carousel slide carousel-fade"[39m
                          [36m>[39m
                            [36m<div[39m
                              [33mclass[39m=[32m"carousel-indicators"[39m
                            [36m>[39m
                              [36m<button[39m
                                [33maria-current[39m=[32m"false"[39m
                                [33maria-label[39m=[32m"Slide 1"[39m
                                [33mdata-bs-target[39m=[32m""[39m
                                [33mtype[39m=[32m"button"[39m
                              [36m/>[39m
                              [36m<button[39m
                                [33maria-current[39m=[32m"false"[39m
                                [33maria-label[39m=[32m"Slide 2"[39m
                                [33mdata-bs-target[39m=[32m""[39m
                                [33mtype[39m=[32m"button"[39m
                              [36m/>[39m
                              [36m<button[39m
                                [33maria-current[39m=[32m"true"[39m
                                [33maria-label[39m=[32m"Slide 3"[39m
                                [33mclass[39m=[32m"active"[39m
                                [33mdata-bs-target[39m=[32m""[39m
                                [33mtype[39m=[32m"button"[39m
                              [36m/>[39m
                            [36m</div>[...
[90m [2m❯[22m waitForWrapper node_modules/@testing-library/dom/dist/wait-for.js:[2m163:27[22m[39m
[90m [2m❯[22m findByRole node_modules/@testing-library/dom/dist/query-helpers.js:[2m86:33[22m[39m
[36m [2m❯[22m src/App.test.jsx:[2m51:38[22m[39m
    [90m 49| [39m    )[33m;[39m
    [90m 50| [39m
    [90m 51| [39m    [35mconst[39m loginHeader [33m=[39m [35mawait[39m screen[33m.[39m[34mfindByRole[39m(
    [90m   | [39m                                     [31m^[39m
    [90m 52| [39m      [32m"heading"[39m[33m,[39m
    [90m 53| [39m      { name[33m:[39m [36m/Sign In/i[39m }[33m,[39m

[31m[2m⎯⎯⎯⎯⎯⎯⎯⎯⎯⎯⎯⎯⎯⎯⎯⎯⎯⎯⎯⎯⎯⎯⎯[1/20]⎯[22m[39m

[41m[1m FAIL [22m[49m src/App.test.jsx[2m > [22mApp Integration - Security & Roles[2m > [22mnên hiển thị Header khi Admin đăng nhập thành công
[31m[1mAssertionError[22m[39m: expected '\n        .hide-extra-icon::after, .h…' to contain 'Anna'

Ignored nodes: comments, script, style
[36m<html>[39m
  [36m<head />[39m
  [36m<body[39m
    [33mdata-layout[39m=[32m"vertical"[39m
    [33mdata-sidebar[39m=[32m"dark"[39m
    [33mdata-sidebar-size[39m=[32m"lg"[39m
    [33mstyle[39m=[32m"overflow: auto;"[39m
  [36m>[39m
    [36m<div>[39m
      [36m<div[39m
        [33mid[39m=[32m"layout-wrapper"[39m
      [36m>[39m
        [36m<header[39m
          [33mclass[39m=[32m"border-bottom shadow-sm position-fixed top-0 end-0 bg-white"[39m
          [33mstyle[39m=[32m"z-index: 1001; height: 70px; left: 250px; width: calc(100% - 250px); transition: all 0.3s ease-in-out;"[39m
        [36m>[39m
          [36m<div[39m
            [33mclass[39m=[32m"h-100 px-4 container-fluid"[39m
          [36m>[39m
            [36m<div[39m
              [33mclass[39m=[32m"d-flex justify-content-between align-items-center h-100"[39m
            [36m>[39m
              [36m<div[39m
                [33mclass[39m=[32m"d-flex align-items-center gap-3"[39m
              [36m>[39m
                [36m<button[39m
                  [33mclass[39m=[32m"d-flex align-items-center justify-content-center p-0 border-0 custom-toggle-btn shadow-none btn btn-light"[39m
                  [33mstyle[39m=[32m"width: 40px; height: 40px;"[39m
                  [33mtype[39m=[32m"button"[39m
                [36m>[39m
                  [36m<svg[39m
                    [33maria-hidden[39m=[32m"true"[39m
                    [33mclass[39m=[32m"lucide lucide-menu toggle-icon text-primary"[39m
                    [33mfill[39m=[32m"none"[39m
                    [33mheight[39m=[32m"20"[39m
                    [33mstroke[39m=[32m"currentColor"[39m
                    [33mstroke-linecap[39m=[32m"round"[39m
                    [33mstroke-linejoin[39m=[32m"round"[39m
                    [33mstroke-width[39m=[32m"2"[39m
                    [33mviewBox[39m=[32m"0 0 24 24"[39m
                    [33mwidth[39m=[32m"20"[39m
                    [33mxmlns[39m=[32m"http://www.w3.org/2000/svg"[39m
                  [36m>[39m
                    [36m<path[39m
                      [33md[39m=[32m"M4 5h16"[39m
                    [36m/>[39m
                    [36m<path[39m
                      [33md[39m=[32m"M4 12h16"[39m
                    [36m/>[39m
                    [36m<path[39m
                      [33md[39m=[32m"M4 19h16"[39m
                    [36m/>[39m
                  [36m</svg>[39m
                [36m</button>[39m
                [36m<form[39m
                  [33mclass[39m=[32m"d-none d-md-block ms-2"[39m
                [36m>[39m
                  [36m<div[39m
                    [33mclass[39m=[32m"bg-light rounded-pill px-3 py-1 border-0 input-group input-group-sm"[39m
                  [36m>[39m
                    [36m<svg[39m
                      [33maria-hidden[39m=[32m"true"[39m
                      [33mclass[39m=[32m"lucide lucide-search text-muted me-2"[39m
                      [33mfill[39m=[32m"none"[39m
                      [33mheight[39m=[32m"16"[39m
                      [33mstroke[39m=[32m"currentColor"[39m
                      [33mstroke-linecap[39m=[32m"round"[39m
                      [33mstroke-linejoin[39m=[32m"round"[39m
                      [33mstroke-width[39m=[32m"2"[39m
                      [33mviewBox[39m=[32m"0 0 24 24"[39m
                      [33mwidth[39m=[32m"16"[39m
                      [33mxmlns[39m=[32m"http://www.w3.org/2000/svg"[39m
                    [36m>[39m
                      [36m<path[39m
                        [33md[39m=[32m"m21 21-4.34-4.34"[39m
                      [36m/>[39m
                      [36m<circle[39m
                        [33mcx[39m=[32m"11"[39m
                        [33mcy[39m=[32m"11"[39m
                        [33mr[39m=[32m"8"[39m
                      [36m/>[39m
                    [36m</svg>[39m
                    [36m<input[39m
                      [33mclass[39m=[32m"bg-transparent border-0 shadow-none p-0 form-control"[39m
                      [33mplaceholder[39m=[32m"Tìm kiếm..."[39m
                      [33mstyle[39m=[32m"width: 180px;"[39m
                    [36m/>[39m
                  [36m</div>[39m
                [36m</form>[39m
              [36m</div>[39m
              [36m<div[39m
                [33mclass[39m=[32m"d-flex align-items-center gap-2"[39m
              [36m>[39m
                [36m<button[39m
                  [33mclass[39m=[32m"bg-transparent border-0 p-2 shadow-none rounded-circle theme-toggle-btn btn btn-light"[39m
                  [33mtype[39m=[32m"button"[39m
                [36m>[39m
                  [36m<svg[39m
                    [33maria-hidden[39m=[32m"true"[39m
                    [33mclass[39m=[32m"lucide lucide-moon text-muted"[39m
                    [33mfill[39m=[32m"none"[39m
                    [33mheight[39m=[32m"20"[39m
                    [33mstroke[39m=[32m"currentColor"[39m
                    [33mstroke-linecap[39m=[32m"round"[39m
                    [33mstroke-linejoin[39m=[32m"round"[39m
                    [33mstroke-width[39m=[32m"2"[39m
                    [33mviewBox[39m=[32m"0 0 24 24"[39m
                    [33mwidth[39m=[32m"20"[39m
                    [33mxmlns[39m=[32m"http://www.w3.org/2000/svg"[39m
                  [36m>[39m
                    [36m<path[39m
                      [33md[39m=[32m"M20.985 12.486a9 9 0 1 1-9.473-9.472c.405-.022.617.46.402.803a6 6 0 0 0 8.268 8.268c.344-.215.825-.004.803.401"[39m
                    [36m/>[39m
                  [36m</svg>[39m
                [36m</button>[39m
                [36m<button[39m
                  [33mclass[39m=[32m"bg-transparent border-0 p-2 shadow-none rounded-circle btn btn-light"[39m
                  [33mtype[39m=[32m"button"[39m
                [36m>[39m
                  [36m<svg[39m
                    [33maria-hidden[39m=[32m"true"[39m
                    [33mclass[39m=[32m"lucide lucide-maximize text-muted"[39m
                    [33mfill[39m=[32m"none"[39m
                    [33mheight[39m=[32m"20"[39m
                    [33mstroke[39m=[32m"currentColor"[39m
                    [33mstroke-linecap[39m=[32m"round"[39m
                    [33mstroke-linejoin[39m=[32m"round"[39m
                    [33mstroke-width[39m=[32m"2"[39m
                    [33mviewBox[39m=[32m"0 0 24 24"[39m
                    [33mwidth[39m=[32m"20"[39m
                    [33mxmlns[39m=[32m"http://www.w3.org/2000/svg"[39m
                  [36m>[39m
                    [36m<path[39m
                      [33md[39m=[32m"M8 3H5a2 2 0 0 0-2 2v3"[39m
                    [36m/>[39m
                    [36...

[32m- Expected[39m
[31m+ Received[39m

[32m- Anna[39m
[31m+[39m
[31m+         .hide-extra-icon::after, .hide-extra-icon::before { display: none !important; content: none !important; }[39m
[31m+         .no-caret::after { display: none !important; }[39m
[31m+[39m
[31m+         .custom-toggle-btn {[39m
[31m+           background-color: #f5f7ff !important;[39m
[31m+           border-radius: 10px !important;[39m
[31m+           transition: all 0.3s ease !important;[39m
[31m+         }[39m
[31m+         .custom-toggle-btn:hover { background-color: #4e73df !important; transform: rotate(90deg); }[39m
[31m+         .custom-toggle-btn:hover .toggle-icon { color: white !important; }[39m
[31m+[39m
[31m+         .dropdown-menu-animated {[39m
[31m+           display: block !important; visibility: hidden; opacity: 0;[39m
[31m+           transform: translateY(10px); transition: all 0.25s ease;[39m
[31m+         }[39m
[31m+         .dropdown-menu-animated.show { visibility: visible; opacity: 1; transform: translateY(0); }[39m
[31m+[39m
[31m+         .theme-toggle-btn:hover { background-color: #f8f9fa !important; color: #4e73df !important; }[39m
[31m+         [39m
[31m+         .avatar-wrapper { position: relative; }[39m
[31m+         .status-indicator {[39m
[31m+           position: absolute; bottom: 0; right: 0;[39m
[31m+           width: 10px; height: 10px; background-color: #22c55e;[39m
[31m+           border: 2px solid #fff; border-radius: 50%;[39m
[31m+         }[39m
[31m+[39m
[31m+         .dropdown-item { margin: 0 8px; width: calc(100% - 16px); border-radius: 6px; transition: 0.2s ease; }[39m
[31m+         .dropdown-item:hover { background-color: #f4f6ff !important; color: #4e73df !important; transform: translateX(4px); }[39m
[31m+[39m
[31m+         .pulse-animation { animation: pulse 2s infinite; }[39m
[31m+         @keyframes pulse {[39m
[31m+           0% { box-shadow: 0 0 0 0 rgba(220, 53, 69, 0.4); }[39m
[31m+           70% { box-shadow: 0 0 0 6px rgba(220, 53, 69, 0); }[39m
[31m+           100% { box-shadow: 0 0 0 0 rgba(220, 53, 69, 0); }[39m
[31m+         }[39m
[31m+       AILABELmenuĐăng nhậpBắt đầu ngay Platform v2.0Số hóa dữ liệu Thông minh & Hiệu quảKết nối đội ngũ chuyên gia gán nhãn, kiểm duyệt và quản lý dự án trên một không gian làm việc tập trung.Khám phá Dashboard Bắt đầu ngayGiải pháp cho mọi vai tròHệ thống phân quyền thông minh giúp tối ưu quy trình làm việc từ khâu thu thập đến khi hoàn thiện dữ liệu.ManagerQuản trị dự án, theo dõi KPI và tiến độ gán nhãn tổng quát. Quản lý nguồn lực và báo cáo hiệu suất tức thời.ReviewerKiểm soát chất lượng dữ liệu với các công cụ Approve/Reject mạnh mẽ. Đảm bảo độ chính xác cao nhất cho dữ liệu số.AnnotatorGiao diện làm việc tập trung, tối ưu năng suất cho nhân viên gán nhãn với các công cụ hỗ trợ thông minh.© 2026 AI LABEL SYSTEM. ALL RIGHTS RESERVED.2024 © Velzon.Design & Develop by Themesbrand[39m

[36m [2m❯[22m __vi_import_1__.waitFor.timeout src/App.test.jsx:[2m110:43[22m[39m
    [90m108| [39m    [35mawait[39m [34mwaitFor[39m(
    [90m109| [39m      () [33m=>[39m {
    [90m110| [39m        [34mexpect[39m(document[33m.[39mbody[33m.[39mtextContent)[33m.[39m[34mtoContain[39m([32m"Anna"[39m)[33m;[39m
    [90m   | [39m                                          [31m^[39m
    [90m111| [39m      }[33m,[39m
    [90m112| [39m      { timeout[33m:[39m [34m8000[39m }[33m,[39m
[90m [2m❯[22m runWithExpensiveErrorDiagnosticsDisabled node_modules/@testing-library/dom/dist/config.js:[2m47:12[22m[39m
[90m [2m❯[22m checkCallback node_modules/@testing-library/dom/dist/wait-for.js:[2m124:77[22m[39m
[90m [2m❯[22m Timeout.checkRealTimersCallback node_modules/@testing-library/dom/dist/wait-for.js:[2m118:16[22m[39m

[31m[2m⎯⎯⎯⎯⎯⎯⎯⎯⎯⎯⎯⎯⎯⎯⎯⎯⎯⎯⎯⎯⎯⎯⎯[2/20]⎯[22m[39m

[41m[1m FAIL [22m[49m src/components/layouts/Header.test.jsx[2m > [22mHeader Component - Comprehensive Suite[2m > [22mUI & Profile Dropdown[2m > [22mnên tương tác đầy đủ với Dropdown Profile
[31m[1mError[22m: Unable to fire a "click" event - please provide a DOM element.[39m
[90m [2m❯[22m createEvent node_modules/@testing-library/dom/dist/events.js:[2m27:11[22m[39m
[90m [2m❯[22m Function.createEvent.<computed> [as click] node_modules/@testing-library/dom/dist/events.js:[2m106:38[22m[39m
[90m [2m❯[22m Function.fireEvent.<computed> [as click] node_modules/@testing-library/dom/dist/events.js:[2m110:68[22m[39m
[90m [2m❯[22m Function.click node_modules/@testing-library/react/dist/fire-event.js:[2m15:52[22m[39m
[36m [2m❯[22m src/components/layouts/Header.test.jsx:[2m75:17[22m[39m
    [90m 73| [39m      [34mrenderHeader[39m()[33m;[39m
    [90m 74| [39m      const toggle = document.querySelector("#page-header-user-dropdow…
    [90m 75| [39m      fireEvent[33m.[39m[34mclick[39m(toggle)[33m;[39m
    [90m   | [39m                [31m^[39m
    [90m 76| [39m      [35mconst[39m menu [33m=[39m screen[33m.[39m[34mgetByTestId[39m([32m"user-profile-menu"[39m)[33m;[39m
    [90m 77| [39m      [35mconst[39m profileLink [33m=[39m [34mwithin[39m(menu)

[31m[2m⎯⎯⎯⎯⎯⎯⎯⎯⎯⎯⎯⎯⎯⎯⎯⎯⎯⎯⎯⎯⎯⎯⎯[3/20]⎯[22m[39m

[41m[1m FAIL [22m[49m src/components/layouts/Header.test.jsx[2m > [22mHeader Component - Comprehensive Suite[2m > [22mHệ thống Search & Actions[2m > [22mnên cho phép nhập từ khóa vào ô Search
[31m[1mTestingLibraryElementError[22m[39m: Unable to find an element with the placeholder text of: /Search\.\.\./i

Ignored nodes: comments, script, style
[36m<body>[39m
  [36m<div>[39m
    [36m<header[39m
      [33mclass[39m=[32m"border-bottom shadow-sm position-fixed top-0 end-0 bg-white"[39m
      [33mstyle[39m=[32m"z-index: 1001; height: 70px; left: 250px; width: calc(100% - 250px); transition: all 0.3s ease-in-out;"[39m
    [36m>[39m
      [36m<div[39m
        [33mclass[39m=[32m"h-100 px-4 container-fluid"[39m
      [36m>[39m
        [36m<div[39m
          [33mclass[39m=[32m"d-flex justify-content-between align-items-center h-100"[39m
        [36m>[39m
          [36m<div[39m
            [33mclass[39m=[32m"d-flex align-items-center gap-3"[39m
          [36m>[39m
            [36m<button[39m
              [33mclass[39m=[32m"d-flex align-items-center justify-content-center p-0 border-0 custom-toggle-btn shadow-none btn btn-light"[39m
              [33mstyle[39m=[32m"width: 40px; height: 40px;"[39m
              [33mtype[39m=[32m"button"[39m
            [36m>[39m
              [36m<svg[39m
                [33maria-hidden[39m=[32m"true"[39m
                [33mclass[39m=[32m"lucide lucide-menu toggle-icon text-primary"[39m
                [33mfill[39m=[32m"none"[39m
                [33mheight[39m=[32m"20"[39m
                [33mstroke[39m=[32m"currentColor"[39m
                [33mstroke-linecap[39m=[32m"round"[39m
                [33mstroke-linejoin[39m=[32m"round"[39m
                [33mstroke-width[39m=[32m"2"[39m
                [33mviewBox[39m=[32m"0 0 24 24"[39m
                [33mwidth[39m=[32m"20"[39m
                [33mxmlns[39m=[32m"http://www.w3.org/2000/svg"[39m
              [36m>[39m
                [36m<path[39m
                  [33md[39m=[32m"M4 5h16"[39m
                [36m/>[39m
                [36m<path[39m
                  [33md[39m=[32m"M4 12h16"[39m
                [36m/>[39m
                [36m<path[39m
                  [33md[39m=[32m"M4 19h16"[39m
                [36m/>[39m
              [36m</svg>[39m
            [36m</button>[39m
            [36m<form[39m
              [33mclass[39m=[32m"d-none d-md-block ms-2"[39m
            [36m>[39m
              [36m<div[39m
                [33mclass[39m=[32m"bg-light rounded-pill px-3 py-1 border-0 input-group input-group-sm"[39m
              [36m>[39m
                [36m<svg[39m
                  [33maria-hidden[39m=[32m"true"[39m
                  [33mclass[39m=[32m"lucide lucide-search text-muted me-2"[39m
                  [33mfill[39m=[32m"none"[39m
                  [33mheight[39m=[32m"16"[39m
                  [33mstroke[39m=[32m"currentColor"[39m
                  [33mstroke-linecap[39m=[32m"round"[39m
                  [33mstroke-linejoin[39m=[32m"round"[39m
                  [33mstroke-width[39m=[32m"2"[39m
                  [33mviewBox[39m=[32m"0 0 24 24"[39m
                  [33mwidth[39m=[32m"16"[39m
                  [33mxmlns[39m=[32m"http://www.w3.org/2000/svg"[39m
                [36m>[39m
                  [36m<path[39m
                    [33md[39m=[32m"m21 21-4.34-4.34"[39m
                  [36m/>[39m
                  [36m<circle[39m
                    [33mcx[39m=[32m"11"[39m
                    [33mcy[39m=[32m"11"[39m
                    [33mr[39m=[32m"8"[39m
                  [36m/>[39m
                [36m</svg>[39m
                [36m<input[39m
                  [33mclass[39m=[32m"bg-transparent border-0 shadow-none p-0 form-control"[39m
                  [33mplaceholder[39m=[32m"Tìm kiếm..."[39m
                  [33mstyle[39m=[32m"width: 180px;"[39m
                [36m/>[39m
              [36m</div>[39m
            [36m</form>[39m
          [36m</div>[39m
          [36m<div[39m
            [33mclass[39m=[32m"d-flex align-items-center gap-2"[39m
          [36m>[39m
            [36m<button[39m
              [33mclass[39m=[32m"bg-transparent border-0 p-2 shadow-none rounded-circle theme-toggle-btn btn btn-light"[39m
              [33mtype[39m=[32m"button"[39m
            [36m>[39m
              [36m<svg[39m
                [33maria-hidden[39m=[32m"true"[39m
                [33mclass[39m=[32m"lucide lucide-moon text-muted"[39m
                [33mfill[39m=[32m"none"[39m
                [33mheight[39m=[32m"20"[39m
                [33mstroke[39m=[32m"currentColor"[39m
                [33mstroke-linecap[39m=[32m"round"[39m
                [33mstroke-linejoin[39m=[32m"round"[39m
                [33mstroke-width[39m=[32m"2"[39m
                [33mviewBox[39m=[32m"0 0 24 24"[39m
                [33mwidth[39m=[32m"20"[39m
                [33mxmlns[39m=[32m"http://www.w3.org/2000/svg"[39m
              [36m>[39m
                [36m<path[39m
                  [33md[39m=[32m"M20.985 12.486a9 9 0 1 1-9.473-9.472c.405-.022.617.46.402.803a6 6 0 0 0 8.268 8.268c.344-.215.825-.004.803.401"[39m
                [36m/>[39m
              [36m</svg>[39m
            [36m</button>[39m
            [36m<button[39m
              [33mclass[39m=[32m"bg-transparent border-0 p-2 shadow-none rounded-circle btn btn-light"[39m
              [33mtype[39m=[32m"button"[39m
            [36m>[39m
              [36m<svg[39m
                [33maria-hidden[39m=[32m"true"[39m
                [33mclass[39m=[32m"lucide lucide-maximize text-muted"[39m
                [33mfill[39m=[32m"none"[39m
                [33mheight[39m=[32m"20"[39m
                [33mstroke[39m=[32m"currentColor"[39m
                [33mstroke-linecap[39m=[32m"round"[39m
                [33mstroke-linejoin[39m=[32m"round"[39m
                [33mstroke-width[39m=[32m"2"[39m
                [33mviewBox[39m=[32m"0 0 24 24"[39m
                [33mwidth[39m=[32m"20"[39m
                [33mxmlns[39m=[32m"http://www.w3.org/2000/svg"[39m
              [36m>[39m
                [36m<path[39m
                  [33md[39m=[32m"M8 3H5a2 2 0 0 0-2 2v3"[39m
                [36m/>[39m
                [36m<path[39m
                  [33md[39m=[32m"M21 8V5a2 2 0 0 0-2-2h-3"[39m
                [36m/>[39m
                [36m<path[39m
                  [33md[39m=[32m"M3 16v3a2 2 0 0 0 2 2h3"[39m
                [36m/>[39m
                [36m<path[39m
                  [33md[39m=[32m"M16 21h3a2 2 0 0 0 2-2v-3"[39m
                [36m/>[39m
              [36m</svg>[39m
            [36m</button>[39m
            [36m<div[39m
              [33mclass[39m=[32m"dropdown"[39m
            [36m>[39m
              [36m<button[39m
                [33maria-expanded[39m=[32m"false"[39m
                [33mclass[39m=[32m"d-flex align-items-center gap-1 p-1 border-0 bg-transparent shadow-none hide-extra-icon dropdown-toggle btn btn-light"[39m
                [33mid[39m=[32m"react-aria-_r_2_"[39m
                [33mtype[39m=[32m"button"[39m
              [36m>[39m
                [36m<img[39m
                  [33malt[39m=[32m"flag"[39m
                  [33mclass[39m=[32m"rounded-1 shadow-sm"[39m
                  [33msrc[39m=[32m"https://cdnjs.cloudflare.com/ajax/libs/flag-icon-css/3.4.3/flags/4x3/vn.svg"[39m
                  [33mwidth[39m=[32m"22"[39m
                [36m/>[39m
                [36m<svg[39m
                  [33maria-hidden[39m=[32m"true"[39m
                  [33mclass[39m=[32m"lucide lucide-chevron-down text-muted"[39m
                  [33mfill[39m=[32m"none"[39m
                  [33mheight[39m=[32m"12"[39m
                  [33mstroke[39m=[32m"currentColor"[39m
                  [33mstroke-linecap[39m=[32m"round"[39m
                  [33mstroke-linejoin[39m=[32m"round"[39m
                  [33mstroke-width[39m=[32m"2"[39m
                  [33mviewBox[39m=[32m"0 0 24 24"[39m
                  [33mwidth[39m=[32m"12"[39m
                  [33mxmlns[39m=[32m"http://www.w3.org/2000/svg"[39m
                [36m>[39m
                  [36m<path[39m
                    [33md[39m=[32m"m6 9 6 6 6-6"[39m
                  [36m/>[39m
                [36m</svg>[39m
              [36m</button>[39m
            [36m</div>[39m
            [36m<button[39m
              [33mclass[39m=[32m"bg-transparent border-0 p-2 position-relative shadow-none rounded-circle btn btn-light"[39m
              [33mtype[39m=[32m"button"[39m
            [36m>[39m
              [36m<svg[39m
                [33maria-hidden[39m=[32m"true"[39m
                [33mclass[39m=[32m"lucide lucide-bell text-muted"[39m
                [33mfill[39m=[32m"none"[39m
                [33mheight[39m=[32m"20"[39m
                [33mstroke[39m=[32m"currentColor"[39m
                [33mstroke-linecap[39m=[32m"round"[39m
                [33mstroke-linejoin[39m=[32m"round"[39m
                [33mstroke-width[39m=[32m"2"[39m
                [33mviewBox[39m=[32m"0 0 24 24"[39m
                [33mwidth[39m=[32m"20"[39m
                [33mxmlns[39m=[32m"http://www.w3.org/2000/svg"[39m
              [36m>[39m
                [36m<path[39m
                  [33md[39m=[32m"M10.268 21a2 2 0 0 0 3.464 0"[39m
                [36m/>[39m
                [36m<path[39m
                  [33md[39m=[32m"M3.262 15.326A1 1 0 0 0 4 17h16a1 1 0 0 0 .74-1.673C19.41 13.956 18 12.499 18 8A6 6 0 0 0 6 8c0 4.499-1.411 5.956-2.738 7.326"[39m
                [36m/>[39m
              [36m</svg>[39m
              [36m<span[39m
                [33mclass[39m=[32m"position-absolute top-2 end-2 bg-danger rounded-circle border border-white pulse-animation"[39m
                [33mstyle[39m=[32m"width: 8px; height: 8px;"[39m
              [36m/>[39m
            [36m</button>[39m
            [36m<div[39m
              [33mclass[39m=[32m"vr mx-2 opacity-10 d-none d-md-block"[39m
              [33mstyle[39m=[32m"height: 20px;"[39m
            [36m/>[39m
            [36m<div[39m
              [33mclass[39m=[32m"dropdown"[39m
            [36m>[39m
              [36m<button[39m
                [33maria-expanded[39m=[32m"false"[39m
                [33mclass[39m=[32m"p-0 border-0 shadow-none d-flex align-items-center gap-2 no-caret dropdown-toggle btn btn-none"[39m
                [33mid[39m=[32m"react-aria-_r_3_"[39m
                [33mtype[39m=[32m"button"[39m
              [36m>[39m
                [36m<div[39m
                  [33mclass[39m=[32m"avatar-wrapper"[39m
                [36m>[39m
                  [36m<img[39m
                    [33malt[39m=[32m"avatar"[39m
                    [33mclass[39m=[32m"rounded-circle shadow-sm border border-2 border-white"[39m
                    [33mheight[39m=[32m"36"[39m
                    [33msrc[39m=[32m"https://api.dicebear.com/7.x/avataaars/svg?seed=undefined"[39m
                    [33mwidth[39m=[32m"36"[39m
                  [36m/>[39m
                  [36m<span[39m
                    [33mclass[39m=[32m"status-indicator"[39m
                  [36m/>[39m
                [36m</div>[39m
                [36m<div[39m
                  [33mclass[39m=[32m"d-none d-lg-block text-start"[39m
                [36m>[39m
                  [36m<div[39m
                    [33mclass[39m=[32m"fw-bold text-dark small lh-1 mb-1"[39m
                  [36m>[39m
                    [0mNguyễn Văn A[0m
                  [36m</div>[39m
                  [36m<small[39m
                    [33mclass[39m=[32m"text-muted"[39m
                    [33mstyle[39m=[32m"font-size: 10px;"[39m
                  [36m>[39m
                    [0mManager[0m
                  [36m</small>[39m
                [36m</div>[39m
                [36m<svg[39m
                  [33maria-hidden[39m=[32m"true"[39m
                  [33mclass[39m=[32m"lucide lucide-chevron-down text-muted ms-1"[39m
                  [33mfill[39m=[32m"none"[39m
                  [33mheight[39m=[32m"14"[39m
                  [33mstroke[39m=[32m"currentColor"[39m
                  [33mstroke-linecap[39m=[32m"round"[39m
                  [33mstroke-linejoin[39m=[32m"round"[39m
                  [33mstroke-width[39m=[32m"3"[39m
                  [33mviewBox[39m=[32m"0 0 24 24"[39m
                  [33mwidth[39m=[32m"14"[39m
                  [33mxmlns[39m=[32m"http://www.w3.org/2000/svg"[39m
                [36m>[39m
                  [36m<path[39m
                    [33md[39m=[32m"m6 9 6 6 6-6"[39m
                  [36m/>[39m
                [36m</svg>[39m
              [36m</button>[39m
            [36m</div>[39m
          [36m</div>[39m
        [36m</div>[39m
      [36m</div>[39m
    [36m</header>[39m
  [36m</div>[39m
[36m</body>[39m
[90m [2m❯[22m Object.getElementError node_modules/@testing-library/dom/dist/config.js:[2m37:19[22m[39m
[90m [2m❯[22m node_modules/@testing-library/dom/dist/query-helpers.js:[2m76:38[22m[39m
[90m [2m❯[22m node_modules/@testing-library/dom/dist/query-helpers.js:[2m52:17[22m[39m
[90m [2m❯[22m getByPlaceholderText node_modules/@testing-library/dom/dist/query-helpers.js:[2m95:19[22m[39m
[36m [2m❯[22m src/components/layouts/Header.test.jsx:[2m87:34[22m[39m
    [90m 85| [39m    [34mit[39m([32m"nên cho phép nhập từ khóa vào ô Search"[39m[33m,[39m () [33m=>[39m {
    [90m 86| [39m      [34mrenderHeader[39m()[33m;[39m
    [90m 87| [39m      [35mconst[39m searchInput [33m=[39m screen[33m.[39m[34mgetByPlaceholderText[39m([36m/Search\.\.\./i[39m)[33m;[39m
    [90m   | [39m                                 [31m^[39m
    [90m 88| [39m      fireEvent[33m.[39m[34mchange[39m(searchInput[33m,[39m { target[33m:[39m { value[33m:[39m [32m"Báo cáo"[39m } })[33m;[39m
    [90m 89| [39m      [34mexpect[39m(searchInput[33m.[39mvalue)[33m.[39m[34mtoBe[39m([32m"Báo cáo"[39m)[33m;[39m

[31m[2m⎯⎯⎯⎯⎯⎯⎯⎯⎯⎯⎯⎯⎯⎯⎯⎯⎯⎯⎯⎯⎯⎯⎯[4/20]⎯[22m[39m

[41m[1m FAIL [22m[49m src/components/layouts/Header.test.jsx[2m > [22mHeader Component - Comprehensive Suite[2m > [22mHệ thống Search & Actions[2m > [22mnên kích hoạt Fullscreen khi nhấn nút
[31m[1mTestingLibraryElementError[22m[39m: Unable to find a label with the text of: /Fullscreen/i

Ignored nodes: comments, script, style
[36m<body>[39m
  [36m<div>[39m
    [36m<header[39m
      [33mclass[39m=[32m"border-bottom shadow-sm position-fixed top-0 end-0 bg-white"[39m
      [33mstyle[39m=[32m"z-index: 1001; height: 70px; left: 250px; width: calc(100% - 250px); transition: all 0.3s ease-in-out;"[39m
    [36m>[39m
      [36m<div[39m
        [33mclass[39m=[32m"h-100 px-4 container-fluid"[39m
      [36m>[39m
        [36m<div[39m
          [33mclass[39m=[32m"d-flex justify-content-between align-items-center h-100"[39m
        [36m>[39m
          [36m<div[39m
            [33mclass[39m=[32m"d-flex align-items-center gap-3"[39m
          [36m>[39m
            [36m<button[39m
              [33mclass[39m=[32m"d-flex align-items-center justify-content-center p-0 border-0 custom-toggle-btn shadow-none btn btn-light"[39m
              [33mstyle[39m=[32m"width: 40px; height: 40px;"[39m
              [33mtype[39m=[32m"button"[39m
            [36m>[39m
              [36m<svg[39m
                [33maria-hidden[39m=[32m"true"[39m
                [33mclass[39m=[32m"lucide lucide-menu toggle-icon text-primary"[39m
                [33mfill[39m=[32m"none"[39m
                [33mheight[39m=[32m"20"[39m
                [33mstroke[39m=[32m"currentColor"[39m
                [33mstroke-linecap[39m=[32m"round"[39m
                [33mstroke-linejoin[39m=[32m"round"[39m
                [33mstroke-width[39m=[32m"2"[39m
                [33mviewBox[39m=[32m"0 0 24 24"[39m
                [33mwidth[39m=[32m"20"[39m
                [33mxmlns[39m=[32m"http://www.w3.org/2000/svg"[39m
              [36m>[39m
                [36m<path[39m
                  [33md[39m=[32m"M4 5h16"[39m
                [36m/>[39m
                [36m<path[39m
                  [33md[39m=[32m"M4 12h16"[39m
                [36m/>[39m
                [36m<path[39m
                  [33md[39m=[32m"M4 19h16"[39m
                [36m/>[39m
              [36m</svg>[39m
            [36m</button>[39m
            [36m<form[39m
              [33mclass[39m=[32m"d-none d-md-block ms-2"[39m
            [36m>[39m
              [36m<div[39m
                [33mclass[39m=[32m"bg-light rounded-pill px-3 py-1 border-0 input-group input-group-sm"[39m
              [36m>[39m
                [36m<svg[39m
                  [33maria-hidden[39m=[32m"true"[39m
                  [33mclass[39m=[32m"lucide lucide-search text-muted me-2"[39m
                  [33mfill[39m=[32m"none"[39m
                  [33mheight[39m=[32m"16"[39m
                  [33mstroke[39m=[32m"currentColor"[39m
                  [33mstroke-linecap[39m=[32m"round"[39m
                  [33mstroke-linejoin[39m=[32m"round"[39m
                  [33mstroke-width[39m=[32m"2"[39m
                  [33mviewBox[39m=[32m"0 0 24 24"[39m
                  [33mwidth[39m=[32m"16"[39m
                  [33mxmlns[39m=[32m"http://www.w3.org/2000/svg"[39m
                [36m>[39m
                  [36m<path[39m
                    [33md[39m=[32m"m21 21-4.34-4.34"[39m
                  [36m/>[39m
                  [36m<circle[39m
                    [33mcx[39m=[32m"11"[39m
                    [33mcy[39m=[32m"11"[39m
                    [33mr[39m=[32m"8"[39m
                  [36m/>[39m
                [36m</svg>[39m
                [36m<input[39m
                  [33mclass[39m=[32m"bg-transparent border-0 shadow-none p-0 form-control"[39m
                  [33mplaceholder[39m=[32m"Tìm kiếm..."[39m
                  [33mstyle[39m=[32m"width: 180px;"[39m
                [36m/>[39m
              [36m</div>[39m
            [36m</form>[39m
          [36m</div>[39m
          [36m<div[39m
            [33mclass[39m=[32m"d-flex align-items-center gap-2"[39m
          [36m>[39m
            [36m<button[39m
              [33mclass[39m=[32m"bg-transparent border-0 p-2 shadow-none rounded-circle theme-toggle-btn btn btn-light"[39m
              [33mtype[39m=[32m"button"[39m
            [36m>[39m
              [36m<svg[39m
                [33maria-hidden[39m=[32m"true"[39m
                [33mclass[39m=[32m"lucide lucide-moon text-muted"[39m
                [33mfill[39m=[32m"none"[39m
                [33mheight[39m=[32m"20"[39m
                [33mstroke[39m=[32m"currentColor"[39m
                [33mstroke-linecap[39m=[32m"round"[39m
                [33mstroke-linejoin[39m=[32m"round"[39m
                [33mstroke-width[39m=[32m"2"[39m
                [33mviewBox[39m=[32m"0 0 24 24"[39m
                [33mwidth[39m=[32m"20"[39m
                [33mxmlns[39m=[32m"http://www.w3.org/2000/svg"[39m
              [36m>[39m
                [36m<path[39m
                  [33md[39m=[32m"M20.985 12.486a9 9 0 1 1-9.473-9.472c.405-.022.617.46.402.803a6 6 0 0 0 8.268 8.268c.344-.215.825-.004.803.401"[39m
                [36m/>[39m
              [36m</svg>[39m
            [36m</button>[39m
            [36m<button[39m
              [33mclass[39m=[32m"bg-transparent border-0 p-2 shadow-none rounded-circle btn btn-light"[39m
              [33mtype[39m=[32m"button"[39m
            [36m>[39m
              [36m<svg[39m
                [33maria-hidden[39m=[32m"true"[39m
                [33mclass[39m=[32m"lucide lucide-maximize text-muted"[39m
                [33mfill[39m=[32m"none"[39m
                [33mheight[39m=[32m"20"[39m
                [33mstroke[39m=[32m"currentColor"[39m
                [33mstroke-linecap[39m=[32m"round"[39m
                [33mstroke-linejoin[39m=[32m"round"[39m
                [33mstroke-width[39m=[32m"2"[39m
                [33mviewBox[39m=[32m"0 0 24 24"[39m
                [33mwidth[39m=[32m"20"[39m
                [33mxmlns[39m=[32m"http://www.w3.org/2000/svg"[39m
              [36m>[39m
                [36m<path[39m
                  [33md[39m=[32m"M8 3H5a2 2 0 0 0-2 2v3"[39m
                [36m/>[39m
                [36m<path[39m
                  [33md[39m=[32m"M21 8V5a2 2 0 0 0-2-2h-3"[39m
                [36m/>[39m
                [36m<path[39m
                  [33md[39m=[32m"M3 16v3a2 2 0 0 0 2 2h3"[39m
                [36m/>[39m
                [36m<path[39m
                  [33md[39m=[32m"M16 21h3a2 2 0 0 0 2-2v-3"[39m
                [36m/>[39m
              [36m</svg>[39m
            [36m</button>[39m
            [36m<div[39m
              [33mclass[39m=[32m"dropdown"[39m
            [36m>[39m
              [36m<button[39m
                [33maria-expanded[39m=[32m"false"[39m
                [33mclass[39m=[32m"d-flex align-items-center gap-1 p-1 border-0 bg-transparent shadow-none hide-extra-icon dropdown-toggle btn btn-light"[39m
                [33mid[39m=[32m"react-aria-_r_4_"[39m
                [33mtype[39m=[32m"button"[39m
              [36m>[39m
                [36m<img[39m
                  [33malt[39m=[32m"flag"[39m
                  [33mclass[39m=[32m"rounded-1 shadow-sm"[39m
                  [33msrc[39m=[32m"https://cdnjs.cloudflare.com/ajax/libs/flag-icon-css/3.4.3/flags/4x3/vn.svg"[39m
                  [33mwidth[39m=[32m"22"[39m
                [36m/>[39m
                [36m<svg[39m
                  [33maria-hidden[39m=[32m"true"[39m
                  [33mclass[39m=[32m"lucide lucide-chevron-down text-muted"[39m
                  [33mfill[39m=[32m"none"[39m
                  [33mheight[39m=[32m"12"[39m
                  [33mstroke[39m=[32m"currentColor"[39m
                  [33mstroke-linecap[39m=[32m"round"[39m
                  [33mstroke-linejoin[39m=[32m"round"[39m
                  [33mstroke-width[39m=[32m"2"[39m
                  [33mviewBox[39m=[32m"0 0 24 24"[39m
                  [33mwidth[39m=[32m"12"[39m
                  [33mxmlns[39m=[32m"http://www.w3.org/2000/svg"[39m
                [36m>[39m
                  [36m<path[39m
                    [33md[39m=[32m"m6 9 6 6 6-6"[39m
                  [36m/>[39m
                [36m</svg>[39m
              [36m</button>[39m
            [36m</div>[39m
            [36m<button[39m
              [33mclass[39m=[32m"bg-transparent border-0 p-2 position-relative shadow-none rounded-circle btn btn-light"[39m
              [33mtype[39m=[32m"button"[39m
            [36m>[39m
              [36m<svg[39m
                [33maria-hidden[39m=[32m"true"[39m
                [33mclass[39m=[32m"lucide lucide-bell text-muted"[39m
                [33mfill[39m=[32m"none"[39m
                [33mheight[39m=[32m"20"[39m
                [33mstroke[39m=[32m"currentColor"[39m
                [33mstroke-linecap[39m=[32m"round"[39m
                [33mstroke-linejoin[39m=[32m"round"[39m
                [33mstroke-width[39m=[32m"2"[39m
                [33mviewBox[39m=[32m"0 0 24 24"[39m
                [33mwidth[39m=[32m"20"[39m
                [33mxmlns[39m=[32m"http://www.w3.org/2000/svg"[39m
              [36m>[39m
                [36m<path[39m
                  [33md[39m=[32m"M10.268 21a2 2 0 0 0 3.464 0"[39m
                [36m/>[39m
                [36m<path[39m
                  [33md[39m=[32m"M3.262 15.326A1 1 0 0 0 4 17h16a1 1 0 0 0 .74-1.673C19.41 13.956 18 12.499 18 8A6 6 0 0 0 6 8c0 4.499-1.411 5.956-2.738 7.326"[39m
                [36m/>[39m
              [36m</svg>[39m
              [36m<span[39m
                [33mclass[39m=[32m"position-absolute top-2 end-2 bg-danger rounded-circle border border-white pulse-animation"[39m
                [33mstyle[39m=[32m"width: 8px; height: 8px;"[39m
              [36m/>[39m
            [36m</button>[39m
            [36m<div[39m
              [33mclass[39m=[32m"vr mx-2 opacity-10 d-none d-md-block"[39m
              [33mstyle[39m=[32m"height: 20px;"[39m
            [36m/>[39m
            [36m<div[39m
              [33mclass[39m=[32m"dropdown"[39m
            [36m>[39m
              [36m<button[39m
                [33maria-expanded[39m=[32m"false"[39m
                [33mclass[39m=[32m"p-0 border-0 shadow-none d-flex align-items-center gap-2 no-caret dropdown-toggle btn btn-none"[39m
                [33mid[39m=[32m"react-aria-_r_5_"[39m
                [33mtype[39m=[32m"button"[39m
              [36m>[39m
                [36m<div[39m
                  [33mclass[39m=[32m"avatar-wrapper"[39m
                [36m>[39m
                  [36m<img[39m
                    [33malt[39m=[32m"avatar"[39m
                    [33mclass[39m=[32m"rounded-circle shadow-sm border border-2 border-white"[39m
                    [33mheight[39m=[32m"36"[39m
                    [33msrc[39m=[32m"https://api.dicebear.com/7.x/avataaars/svg?seed=undefined"[39m
                    [33mwidth[39m=[32m"36"[39m
                  [36m/>[39m
                  [36m<span[39m
                    [33mclass[39m=[32m"status-indicator"[39m
                  [36m/>[39m
                [36m</div>[39m
                [36m<div[39m
                  [33mclass[39m=[32m"d-none d-lg-block text-start"[39m
                [36m>[39m
                  [36m<div[39m
                    [33mclass[39m=[32m"fw-bold text-dark small lh-1 mb-1"[39m
                  [36m>[39m
                    [0mNguyễn Văn A[0m
                  [36m</div>[39m
                  [36m<small[39m
                    [33mclass[39m=[32m"text-muted"[39m
                    [33mstyle[39m=[32m"font-size: 10px;"[39m
                  [36m>[39m
                    [0mManager[0m
                  [36m</small>[39m
                [36m</div>[39m
                [36m<svg[39m
                  [33maria-hidden[39m=[32m"true"[39m
                  [33mclass[39m=[32m"lucide lucide-chevron-down text-muted ms-1"[39m
                  [33mfill[39m=[32m"none"[39m
                  [33mheight[39m=[32m"14"[39m
                  [33mstroke[39m=[32m"currentColor"[39m
                  [33mstroke-linecap[39m=[32m"round"[39m
                  [33mstroke-linejoin[39m=[32m"round"[39m
                  [33mstroke-width[39m=[32m"3"[39m
                  [33mviewBox[39m=[32m"0 0 24 24"[39m
                  [33mwidth[39m=[32m"14"[39m
                  [33mxmlns[39m=[32m"http://www.w3.org/2000/svg"[39m
                [36m>[39m
                  [36m<path[39m
                    [33md[39m=[32m"m6 9 6 6 6-6"[39m
                  [36m/>[39m
                [36m</svg>[39m
              [36m</button>[39m
            [36m</div>[39m
          [36m</div>[39m
        [36m</div>[39m
      [36m</div>[39m
    [36m</header>[39m
  [36m</div>[39m
[36m</body>[39m
[90m [2m❯[22m Object.getElementError node_modules/@testing-library/dom/dist/config.js:[2m37:19[22m[39m
[90m [2m❯[22m getAllByLabelText node_modules/@testing-library/dom/dist/queries/label-text.js:[2m111:38[22m[39m
[90m [2m❯[22m node_modules/@testing-library/dom/dist/query-helpers.js:[2m52:17[22m[39m
[90m [2m❯[22m getByLabelText node_modules/@testing-library/dom/dist/query-helpers.js:[2m95:19[22m[39m
[36m [2m❯[22m src/components/layouts/Header.test.jsx:[2m94:36[22m[39m
    [90m 92| [39m    [34mit[39m([32m"nên kích hoạt Fullscreen khi nhấn nút"[39m[33m,[39m [35masync[39m () [33m=>[39m {
    [90m 93| [39m      [34mrenderHeader[39m()[33m;[39m
    [90m 94| [39m      [35mconst[39m fullscreenBtn [33m=[39m screen[33m.[39m[34mgetByLabelText[39m([36m/Fullscreen/i[39m)[33m;[39m
    [90m   | [39m                                   [31m^[39m
    [90m 95| [39m      fireEvent[33m.[39m[34mclick[39m(fullscreenBtn)[33m;[39m
    [90m 96| [39m      expect(document.documentElement.requestFullscreen).toHaveBeenCal…

[31m[2m⎯⎯⎯⎯⎯⎯⎯⎯⎯⎯⎯⎯⎯⎯⎯⎯⎯⎯⎯⎯⎯⎯⎯[5/20]⎯[22m[39m

[41m[1m FAIL [22m[49m src/components/layouts/Header.test.jsx[2m > [22mHeader Component - Comprehensive Suite[2m > [22mAuthentication Logic[2m > [22mnên gọi Logout và chuyển hướng về /login
[31m[1mError[22m: Unable to fire a "click" event - please provide a DOM element.[39m
[90m [2m❯[22m createEvent node_modules/@testing-library/dom/dist/events.js:[2m27:11[22m[39m
[90m [2m❯[22m Function.createEvent.<computed> [as click] node_modules/@testing-library/dom/dist/events.js:[2m106:38[22m[39m
[90m [2m❯[22m Function.fireEvent.<computed> [as click] node_modules/@testing-library/dom/dist/events.js:[2m110:68[22m[39m
[90m [2m❯[22m Function.click node_modules/@testing-library/react/dist/fire-event.js:[2m15:52[22m[39m
[36m [2m❯[22m src/components/layouts/Header.test.jsx:[2m106:17[22m[39m
    [90m104| [39m
    [90m105| [39m      const toggle = document.querySelector("#page-header-user-dropdow…
    [90m106| [39m      fireEvent[33m.[39m[34mclick[39m(toggle)[33m;[39m
    [90m   | [39m                [31m^[39m
    [90m107| [39m
    [90m108| [39m      const logoutBtn = screen.getByRole("button", { name: /logout/i }…

[31m[2m⎯⎯⎯⎯⎯⎯⎯⎯⎯⎯⎯⎯⎯⎯⎯⎯⎯⎯⎯⎯⎯⎯⎯[6/20]⎯[22m[39m

[41m[1m FAIL [22m[49m src/components/layouts/MainLayouts.test.jsx[2m > [22mMainLayouts Component[2m > [22mnên thay đổi kích thước sidebar khi người dùng nhấn nút toggle trong Header
[31m[1mError[22m: Không tìm thấy nút #topnav-hamburger-icon. Kiểm tra lại ID trong Header.jsx[39m
[36m [2m❯[22m src/components/layouts/MainLayouts.test.jsx:[2m52:13[22m[39m
    [90m 50| [39m    [35mif[39m ([33m![39mtoggleBtn) {
    [90m 51| [39m      screen[33m.[39m[34mdebug[39m()[33m;[39m
    [90m 52| [39m      [35mthrow[39m [35mnew[39m [33mError[39m(
    [90m   | [39m            [31m^[39m
    [90m 53| [39m        "Không tìm thấy nút #topnav-hamburger-icon. Kiểm tra lại ID tr…
    [90m 54| [39m      )[33m;[39m

[31m[2m⎯⎯⎯⎯⎯⎯⎯⎯⎯⎯⎯⎯⎯⎯⎯⎯⎯⎯⎯⎯⎯⎯⎯[7/20]⎯[22m[39m

[41m[1m FAIL [22m[49m src/components/auth/auth-left/AuthLeftQuotes.test.jsx[2m > [22mnên hiển thị icon dấu ngoặc kép để nhận diện khu vực quote
[31m[1mError[22m: [2mexpect([22m[31mreceived[31m[2m).toBeInTheDocument()[22m

[31mreceived[31m value must be an HTMLElement or an SVGElement.
Received has type:  Null
Received has value: [31mnull[31m[39m
[36m [2m❯[22m src/components/auth/auth-left/AuthLeftQuotes.test.jsx:[2m31:21[22m[39m
    [90m 29| [39m  [34mrender[39m([33m<[39m[33mAuthLeftQuotes[39m [33m/[39m[33m>[39m)[33m;[39m
    [90m 30| [39m  [35mconst[39m quoteIcon [33m=[39m document[33m.[39m[34mquerySelector[39m([32m".ri-double-quotes-l"[39m)[33m;[39m
    [90m 31| [39m  [34mexpect[39m(quoteIcon)[33m.[39m[34mtoBeInTheDocument[39m()[33m;[39m
    [90m   | [39m                    [31m^[39m
    [90m 32| [39m})[33m;[39m
    [90m 33| [39m

[31m[2m⎯⎯⎯⎯⎯⎯⎯⎯⎯⎯⎯⎯⎯⎯⎯⎯⎯⎯⎯⎯⎯⎯⎯[8/20]⎯[22m[39m

[41m[1m FAIL [22m[49m src/components/auth/auth-right/AuthLoginForm.test.jsx[2m > [22mAuthLoginForm - Comprehensive Test[2m > [22mnút Sign In và các input phải bị disabled khi đang loading
[31m[1mTestingLibraryElementError[22m[39m: Unable to find an accessible element with the role "button" and name `/logging in\.\.\./i`

Here are the accessible roles:

  textbox:

  Name "":
  [36m<input[39m
    [33mclass[39m=[32m"form-control bg-transparent border-0 py-2"[39m
    [33mdisabled[39m=[32m""[39m
    [33mplaceholder[39m=[32m"Nhập tài khoản"[39m
    [33mrequired[39m=[32m""[39m
    [33mtype[39m=[32m"email"[39m
    [33mvalue[39m=[32m""[39m
  [36m/>[39m

  --------------------------------------------------
  link:

  Name "Quên mật khẩu?":
  [36m<a[39m
    [33mclass[39m=[32m"text-decoration-none small fw-bold"[39m
    [33mdata-discover[39m=[32m"true"[39m
    [33mhref[39m=[32m"/forgot-password"[39m
    [33mstyle[39m=[32m"color: rgb(10, 179, 156);"[39m
  [36m/>[39m

  --------------------------------------------------
  button:

  Name "":
  [36m<button[39m
    [33mclass[39m=[32m"btn border-0"[39m
    [33mtype[39m=[32m"button"[39m
  [36m/>[39m

  Name "Đang xử lý...":
  [36m<button[39m
    [33mclass[39m=[32m"btn w-100 py-3 fw-bold text-white rounded-3 shadow-none"[39m
    [33mdisabled[39m=[32m""[39m
    [33mstyle[39m=[32m"background: linear-gradient(135deg, rgb(10, 179, 156) 0%, rgb(64, 81, 137) 100%);"[39m
    [33mtype[39m=[32m"submit"[39m
  [36m/>[39m

  --------------------------------------------------
  checkbox:

  Name "":
  [36m<input[39m
    [33mclass[39m=[32m"form-check-input"[39m
    [33mtype[39m=[32m"checkbox"[39m
  [36m/>[39m

  --------------------------------------------------

Ignored nodes: comments, script, style
[36m<body[39m
  [33mstyle[39m=[32m"overflow: hidden;"[39m
[36m>[39m
  [36m<div>[39m
    [36m<div>[39m
      [36m<form[39m
        [33mclass[39m=[32m"text-start"[39m
      [36m>[39m
        [36m<div[39m
          [33mclass[39m=[32m"mb-3"[39m
        [36m>[39m
          [36m<label[39m
            [33mclass[39m=[32m"form-label fw-bold text-muted small"[39m
          [36m>[39m
            [0mEmail / Tên đăng nhập[0m
          [36m</label>[39m
          [36m<div[39m
            [33mclass[39m=[32m"input-group auth-input rounded-3"[39m
          [36m>[39m
            [36m<span[39m
              [33mclass[39m=[32m"input-group-text bg-transparent border-0"[39m
            [36m>[39m
              [36m<i[39m
                [33mclass[39m=[32m"ri-mail-line"[39m
              [36m/>[39m
            [36m</span>[39m
            [36m<input[39m
              [33mclass[39m=[32m"form-control bg-transparent border-0 py-2"[39m
              [33mdisabled[39m=[32m""[39m
              [33mplaceholder[39m=[32m"Nhập tài khoản"[39m
              [33mrequired[39m=[32m""[39m
              [33mtype[39m=[32m"email"[39m
              [33mvalue[39m=[32m""[39m
            [36m/>[39m
          [36m</div>[39m
        [36m</div>[39m
        [36m<div[39m
          [33mclass[39m=[32m"mb-3"[39m
        [36m>[39m
          [36m<div[39m
            [33mclass[39m=[32m"d-flex justify-content-between"[39m
          [36m>[39m
            [36m<label[39m
              [33mclass[39m=[32m"form-label fw-bold text-muted small"[39m
            [36m>[39m
              [0mMật khẩu[0m
            [36m</label>[39m
            [36m<a[39m
              [33mclass[39m=[32m"text-decoration-none small fw-bold"[39m
              [33mdata-discover[39m=[32m"true"[39m
              [33mhref[39m=[32m"/forgot-password"[39m
              [33mstyle[39m=[32m"color: rgb(10, 179, 156);"[39m
            [36m>[39m
              [0mQuên mật khẩu?[0m
            [36m</a>[39m
          [36m</div>[39m
          [36m<div[39m
            [33mclass[39m=[32m"input-group bg-light rounded-3"[39m
          [36m>[39m
            [36m<span[39m
              [33mclass[39m=[32m"input-group-text bg-transparent border-0"[39m
            [36m>[39m
              [36m<i[39m
                [33mclass[39m=[32m"ri-lock-line"[39m
              [36m/>[39m
            [36m</span>[39m
            [36m<input[39m
              [33mclass[39m=[32m"form-control bg-transparent border-0 py-2"[39m
              [33mdisabled[39m=[32m""[39m
              [33mplaceholder[39m=[32m"••••••••"[39m
              [33mrequired[39m=[32m""[39m
              [33mtype[39m=[32m"password"[39m
              [33mvalue[39m=[32m""[39m
            [36m/>[39m
            [36m<button[39m
              [33mclass[39m=[32m"btn border-0"[39m
              [33mtype[39m=[32m"button"[39m
            [36m>[39m
              [36m<i[39m
                [33mclass[39m=[32m"ri-eye-fill"[39m
              [36m/>[39m
            [36m</button>[39m
          [36m</div>[39m
        [36m</div>[39m
        [36m<div[39m
          [33mclass[39m=[32m"form-check mb-4"[39m
        [36m>[39m
          [36m<input[39m
            [33mclass[39m=[32m"form-check-input"[39m
            [33mtype[39m=[32m"checkbox"[39m
          [36m/>[39m
          [36m<label[39m
            [33mclass[39m=[32m"form-check-label text-muted small"[39m
          [36m>[39m
            [0mGhi nhớ đăng nhập[0m
          [36m</label>[39m
        [36m</div>[39m
        [36m<button[39m
          [33mclass[39m=[32m"btn w-100 py-3 fw-bold text-white rounded-3 shadow-none"[39m
          [33mdisabled[39m=[32m""[39m
          [33mstyle[39m=[32m"background: linear-gradient(135deg, rgb(10, 179, 156) 0%, rgb(64, 81, 137) 100%);"[39m
          [33mtype[39m=[32m"submit"[39m
        [36m>[39m
          [0mĐang xử lý...[0m
        [36m</button>[39m
      [36m</form>[39m
    [36m</div>[39m
  [36m</div>[39m
[36m</body>[39m
[90m [2m❯[22m Object.getElementError node_modules/@testing-library/dom/dist/config.js:[2m37:19[22m[39m
[90m [2m❯[22m node_modules/@testing-library/dom/dist/query-helpers.js:[2m76:38[22m[39m
[90m [2m❯[22m node_modules/@testing-library/dom/dist/query-helpers.js:[2m52:17[22m[39m
[90m [2m❯[22m getByRole node_modules/@testing-library/dom/dist/query-helpers.js:[2m95:19[22m[39m
[36m [2m❯[22m src/components/auth/auth-right/AuthLoginForm.test.jsx:[2m64:31[22m[39m
    [90m 62| [39m    [34mrenderUI[39m()[33m;[39m
    [90m 63| [39m
    [90m 64| [39m    [35mconst[39m loadingBtn [33m=[39m screen[33m.[39m[34mgetByRole[39m([32m"button"[39m[33m,[39m {
    [90m   | [39m                              [31m^[39m
    [90m 65| [39m      name[33m:[39m [36m/logging in\.\.\./i[39m[33m,[39m
    [90m 66| [39m    })[33m;[39m

[31m[2m⎯⎯⎯⎯⎯⎯⎯⎯⎯⎯⎯⎯⎯⎯⎯⎯⎯⎯⎯⎯⎯⎯⎯[9/20]⎯[22m[39m

[41m[1m FAIL [22m[49m src/components/auth/auth-right/AuthLoginForm.test.jsx[2m > [22mAuthLoginForm - Comprehensive Test[2m > [22mthay đổi kiểu input từ password sang text khi click icon mắt
[31m[1mTestingLibraryElementError[22m: Unable to find an element with the placeholder text of: /Enter password/i

Ignored nodes: comments, script, style
[36m<body[31m
  [33mstyle[31m=[32m"overflow: hidden;"[31m
[36m>[31m
  [36m<div>[31m
    [36m<div>[31m
      [36m<form[31m
        [33mclass[31m=[32m"text-start"[31m
      [36m>[31m
        [36m<div[31m
          [33mclass[31m=[32m"mb-3"[31m
        [36m>[31m
          [36m<label[31m
            [33mclass[31m=[32m"form-label fw-bold text-muted small"[31m
          [36m>[31m
            [0mEmail / Tên đăng nhập[0m
          [36m</label>[31m
          [36m<div[31m
            [33mclass[31m=[32m"input-group auth-input rounded-3"[31m
          [36m>[31m
            [36m<span[31m
              [33mclass[31m=[32m"input-group-text bg-transparent border-0"[31m
            [36m>[31m
              [36m<i[31m
                [33mclass[31m=[32m"ri-mail-line"[31m
              [36m/>[31m
            [36m</span>[31m
            [36m<input[31m
              [33mclass[31m=[32m"form-control bg-transparent border-0 py-2"[31m
              [33mplaceholder[31m=[32m"Nhập tài khoản"[31m
              [33mrequired[31m=[32m""[31m
              [33mtype[31m=[32m"email"[31m
              [33mvalue[31m=[32m""[31m
            [36m/>[31m
          [36m</div>[31m
        [36m</div>[31m
        [36m<div[31m
          [33mclass[31m=[32m"mb-3"[31m
        [36m>[31m
          [36m<div[31m
            [33mclass[31m=[32m"d-flex justify-content-between"[31m
          [36m>[31m
            [36m<label[31m
              [33mclass[31m=[32m"form-label fw-bold text-muted small"[31m
            [36m>[31m
              [0mMật khẩu[0m
            [36m</label>[31m
            [36m<a[31m
              [33mclass[31m=[32m"text-decoration-none small fw-bold"[31m
              [33mdata-discover[31m=[32m"true"[31m
              [33mhref[31m=[32m"/forgot-password"[31m
              [33mstyle[31m=[32m"color: rgb(10, 179, 156);"[31m
            [36m>[31m
              [0mQuên mật khẩu?[0m
            [36m</a>[31m
          [36m</div>[31m
          [36m<div[31m
            [33mclass[31m=[32m"input-group bg-light rounded-3"[31m
          [36m>[31m
            [36m<span[31m
              [33mclass[31m=[32m"input-group-text bg-transparent border-0"[31m
            [36m>[31m
              [36m<i[31m
                [33mclass[31m=[32m"ri-lock-line"[31m
              [36m/>[31m
            [36m</span>[31m
            [36m<input[31m
              [33mclass[31m=[32m"form-control bg-transparent border-0 py-2"[31m
              [33mplaceholder[31m=[32m"••••••••"[31m
              [33mrequired[31m=[32m""[31m
              [33mtype[31m=[32m"password"[31m
              [33mvalue[31m=[32m""[31m
            [36m/>[31m
            [36m<button[31m
              [33mclass[31m=[32m"btn border-0"[31m
              [33mtype[31m=[32m"button"[31m
            [36m>[31m
              [36m<i[31m
                [33mclass[31m=[32m"ri-eye-fill"[31m
              [36m/>[31m
            [36m</button>[31m
          [36m</div>[31m
        [36m</div>[31m
        [36m<div[31m
          [33mclass[31m=[32m"form-check mb-4"[31m
        [36m>[31m
          [36m<input[31m
            [33mclass[31m=[32m"form-check-input"[31m
            [33mtype[31m=[32m"checkbox"[31m
          [36m/>[31m
          [36m<label[31m
            [33mclass[31m=[32m"form-check-label text-muted small"[31m
          [36m>[31m
            [0mGhi nhớ đăng nhập[0m
          [36m</label>[31m
        [36m</div>[31m
        [36m<button[31m
          [33mclass[31m=[32m"btn w-100 py-3 fw-bold text-white rounded-3 shadow-none"[31m
          [33mstyle[31m=[32m"background: linear-gradient(135deg, rgb(10, 179, 156) 0%, rgb(64, 81, 137) 100%);"[31m
          [33mtype[31m=[32m"submit"[31m
        [36m>[31m
          [0mĐăng nhập[0m
        [36m</button>[31m
      [36m</form>[31m
    [36m</div>[31m
  [36m</div>[31m
[36m</body>[31m[39m
[90m [2m❯[22m Object.getElementError node_modules/@testing-library/dom/dist/config.js:[2m37:19[22m[39m
[90m [2m❯[22m node_modules/@testing-library/dom/dist/query-helpers.js:[2m76:38[22m[39m
[90m [2m❯[22m node_modules/@testing-library/dom/dist/query-helpers.js:[2m52:17[22m[39m
[90m [2m❯[22m getByPlaceholderText node_modules/@testing-library/dom/dist/query-helpers.js:[2m95:19[22m[39m
[36m [2m❯[22m src/components/auth/auth-right/AuthLoginForm.test.jsx:[2m89:34[22m[39m
    [90m 87| [39m    [34mrenderUI[39m()[33m;[39m
    [90m 88| [39m
    [90m 89| [39m    const passwordInput = screen.getByPlaceholderText(/Enter password/…
    [90m   | [39m                                 [31m^[39m
    [90m 90| [39m    const toggleBtn = screen.getByLabelText(/toggle password visibilit…
    [90m 91| [39m

[31m[2m⎯⎯⎯⎯⎯⎯⎯⎯⎯⎯⎯⎯⎯⎯⎯⎯⎯⎯⎯⎯⎯⎯[10/20]⎯[22m[39m

[41m[1m FAIL [22m[49m src/components/auth/auth-right/AuthLoginForm.test.jsx[2m > [22mAuthLoginForm - Comprehensive Test[2m > [22mgửi thông tin đăng nhập đúng đến loginThunk khi nhấn Sign In
[31m[1mTestingLibraryElementError[22m: Unable to find a label with the text of: /Email \/ Username/i

Ignored nodes: comments, script, style
[36m<body[31m
  [33mstyle[31m=[32m"overflow: hidden;"[31m
[36m>[31m
  [36m<div>[31m
    [36m<div>[31m
      [36m<form[31m
        [33mclass[31m=[32m"text-start"[31m
      [36m>[31m
        [36m<div[31m
          [33mclass[31m=[32m"mb-3"[31m
        [36m>[31m
          [36m<label[31m
            [33mclass[31m=[32m"form-label fw-bold text-muted small"[31m
          [36m>[31m
            [0mEmail / Tên đăng nhập[0m
          [36m</label>[31m
          [36m<div[31m
            [33mclass[31m=[32m"input-group auth-input rounded-3"[31m
          [36m>[31m
            [36m<span[31m
              [33mclass[31m=[32m"input-group-text bg-transparent border-0"[31m
            [36m>[31m
              [36m<i[31m
                [33mclass[31m=[32m"ri-mail-line"[31m
              [36m/>[31m
            [36m</span>[31m
            [36m<input[31m
              [33mclass[31m=[32m"form-control bg-transparent border-0 py-2"[31m
              [33mplaceholder[31m=[32m"Nhập tài khoản"[31m
              [33mrequired[31m=[32m""[31m
              [33mtype[31m=[32m"email"[31m
              [33mvalue[31m=[32m""[31m
            [36m/>[31m
          [36m</div>[31m
        [36m</div>[31m
        [36m<div[31m
          [33mclass[31m=[32m"mb-3"[31m
        [36m>[31m
          [36m<div[31m
            [33mclass[31m=[32m"d-flex justify-content-between"[31m
          [36m>[31m
            [36m<label[31m
              [33mclass[31m=[32m"form-label fw-bold text-muted small"[31m
            [36m>[31m
              [0mMật khẩu[0m
            [36m</label>[31m
            [36m<a[31m
              [33mclass[31m=[32m"text-decoration-none small fw-bold"[31m
              [33mdata-discover[31m=[32m"true"[31m
              [33mhref[31m=[32m"/forgot-password"[31m
              [33mstyle[31m=[32m"color: rgb(10, 179, 156);"[31m
            [36m>[31m
              [0mQuên mật khẩu?[0m
            [36m</a>[31m
          [36m</div>[31m
          [36m<div[31m
            [33mclass[31m=[32m"input-group bg-light rounded-3"[31m
          [36m>[31m
            [36m<span[31m
              [33mclass[31m=[32m"input-group-text bg-transparent border-0"[31m
            [36m>[31m
              [36m<i[31m
                [33mclass[31m=[32m"ri-lock-line"[31m
              [36m/>[31m
            [36m</span>[31m
            [36m<input[31m
              [33mclass[31m=[32m"form-control bg-transparent border-0 py-2"[31m
              [33mplaceholder[31m=[32m"••••••••"[31m
              [33mrequired[31m=[32m""[31m
              [33mtype[31m=[32m"password"[31m
              [33mvalue[31m=[32m""[31m
            [36m/>[31m
            [36m<button[31m
              [33mclass[31m=[32m"btn border-0"[31m
              [33mtype[31m=[32m"button"[31m
            [36m>[31m
              [36m<i[31m
                [33mclass[31m=[32m"ri-eye-fill"[31m
              [36m/>[31m
            [36m</button>[31m
          [36m</div>[31m
        [36m</div>[31m
        [36m<div[31m
          [33mclass[31m=[32m"form-check mb-4"[31m
        [36m>[31m
          [36m<input[31m
            [33mclass[31m=[32m"form-check-input"[31m
            [33mtype[31m=[32m"checkbox"[31m
          [36m/>[31m
          [36m<label[31m
            [33mclass[31m=[32m"form-check-label text-muted small"[31m
          [36m>[31m
            [0mGhi nhớ đăng nhập[0m
          [36m</label>[31m
        [36m</div>[31m
        [36m<button[31m
          [33mclass[31m=[32m"btn w-100 py-3 fw-bold text-white rounded-3 shadow-none"[31m
          [33mstyle[31m=[32m"background: linear-gradient(135deg, rgb(10, 179, 156) 0%, rgb(64, 81, 137) 100%);"[31m
          [33mtype[31m=[32m"submit"[31m
        [36m>[31m
          [0mĐăng nhập[0m
        [36m</button>[31m
      [36m</form>[31m
    [36m</div>[31m
  [36m</div>[31m
[36m</body>[31m[39m
[90m [2m❯[22m Object.getElementError node_modules/@testing-library/dom/dist/config.js:[2m37:19[22m[39m
[90m [2m❯[22m getAllByLabelText node_modules/@testing-library/dom/dist/queries/label-text.js:[2m111:38[22m[39m
[90m [2m❯[22m node_modules/@testing-library/dom/dist/query-helpers.js:[2m52:17[22m[39m
[90m [2m❯[22m getByLabelText node_modules/@testing-library/dom/dist/query-helpers.js:[2m95:19[22m[39m
[36m [2m❯[22m src/components/auth/auth-right/AuthLoginForm.test.jsx:[2m105:31[22m[39m
    [90m103| [39m    [34mrenderUI[39m()[33m;[39m
    [90m104| [39m
    [90m105| [39m    [35mconst[39m emailInput [33m=[39m screen[33m.[39m[34mgetByLabelText[39m([36m/Email \/ Username/i[39m)[33m;[39m
    [90m   | [39m                              [31m^[39m
    [90m106| [39m    const passwordInput = screen.getByPlaceholderText(/Enter password/…
    [90m107| [39m    [35mconst[39m submitBtn [33m=[39m screen[33m.[39m[34mgetByRole[39m([32m"button"[39m[33m,[39m { name[33m:[39m [36m/sign in/i[39m })[33m;[39m

[31m[2m⎯⎯⎯⎯⎯⎯⎯⎯⎯⎯⎯⎯⎯⎯⎯⎯⎯⎯⎯⎯⎯⎯[11/20]⎯[22m[39m

[41m[1m FAIL [22m[49m src/components/auth/auth-right/AuthLoginForm.test.jsx[2m > [22mAuthLoginForm - Comprehensive Test[2m > [22mcác input email và password phải có thuộc tính required
[31m[1mTestingLibraryElementError[22m: Unable to find a label with the text of: /Email \/ Username/i

Ignored nodes: comments, script, style
[36m<body[31m
  [33mstyle[31m=[32m"overflow: hidden;"[31m
[36m>[31m
  [36m<div>[31m
    [36m<div>[31m
      [36m<form[31m
        [33mclass[31m=[32m"text-start"[31m
      [36m>[31m
        [36m<div[31m
          [33mclass[31m=[32m"mb-3"[31m
        [36m>[31m
          [36m<label[31m
            [33mclass[31m=[32m"form-label fw-bold text-muted small"[31m
          [36m>[31m
            [0mEmail / Tên đăng nhập[0m
          [36m</label>[31m
          [36m<div[31m
            [33mclass[31m=[32m"input-group auth-input rounded-3"[31m
          [36m>[31m
            [36m<span[31m
              [33mclass[31m=[32m"input-group-text bg-transparent border-0"[31m
            [36m>[31m
              [36m<i[31m
                [33mclass[31m=[32m"ri-mail-line"[31m
              [36m/>[31m
            [36m</span>[31m
            [36m<input[31m
              [33mclass[31m=[32m"form-control bg-transparent border-0 py-2"[31m
              [33mplaceholder[31m=[32m"Nhập tài khoản"[31m
              [33mrequired[31m=[32m""[31m
              [33mtype[31m=[32m"email"[31m
              [33mvalue[31m=[32m""[31m
            [36m/>[31m
          [36m</div>[31m
        [36m</div>[31m
        [36m<div[31m
          [33mclass[31m=[32m"mb-3"[31m
        [36m>[31m
          [36m<div[31m
            [33mclass[31m=[32m"d-flex justify-content-between"[31m
          [36m>[31m
            [36m<label[31m
              [33mclass[31m=[32m"form-label fw-bold text-muted small"[31m
            [36m>[31m
              [0mMật khẩu[0m
            [36m</label>[31m
            [36m<a[31m
              [33mclass[31m=[32m"text-decoration-none small fw-bold"[31m
              [33mdata-discover[31m=[32m"true"[31m
              [33mhref[31m=[32m"/forgot-password"[31m
              [33mstyle[31m=[32m"color: rgb(10, 179, 156);"[31m
            [36m>[31m
              [0mQuên mật khẩu?[0m
            [36m</a>[31m
          [36m</div>[31m
          [36m<div[31m
            [33mclass[31m=[32m"input-group bg-light rounded-3"[31m
          [36m>[31m
            [36m<span[31m
              [33mclass[31m=[32m"input-group-text bg-transparent border-0"[31m
            [36m>[31m
              [36m<i[31m
                [33mclass[31m=[32m"ri-lock-line"[31m
              [36m/>[31m
            [36m</span>[31m
            [36m<input[31m
              [33mclass[31m=[32m"form-control bg-transparent border-0 py-2"[31m
              [33mplaceholder[31m=[32m"••••••••"[31m
              [33mrequired[31m=[32m""[31m
              [33mtype[31m=[32m"password"[31m
              [33mvalue[31m=[32m""[31m
            [36m/>[31m
            [36m<button[31m
              [33mclass[31m=[32m"btn border-0"[31m
              [33mtype[31m=[32m"button"[31m
            [36m>[31m
              [36m<i[31m
                [33mclass[31m=[32m"ri-eye-fill"[31m
              [36m/>[31m
            [36m</button>[31m
          [36m</div>[31m
        [36m</div>[31m
        [36m<div[31m
          [33mclass[31m=[32m"form-check mb-4"[31m
        [36m>[31m
          [36m<input[31m
            [33mclass[31m=[32m"form-check-input"[31m
            [33mtype[31m=[32m"checkbox"[31m
          [36m/>[31m
          [36m<label[31m
            [33mclass[31m=[32m"form-check-label text-muted small"[31m
          [36m>[31m
            [0mGhi nhớ đăng nhập[0m
          [36m</label>[31m
        [36m</div>[31m
        [36m<button[31m
          [33mclass[31m=[32m"btn w-100 py-3 fw-bold text-white rounded-3 shadow-none"[31m
          [33mstyle[31m=[32m"background: linear-gradient(135deg, rgb(10, 179, 156) 0%, rgb(64, 81, 137) 100%);"[31m
          [33mtype[31m=[32m"submit"[31m
        [36m>[31m
          [0mĐăng nhập[0m
        [36m</button>[31m
      [36m</form>[31m
    [36m</div>[31m
  [36m</div>[31m
[36m</body>[31m[39m
[90m [2m❯[22m Object.getElementError node_modules/@testing-library/dom/dist/config.js:[2m37:19[22m[39m
[90m [2m❯[22m getAllByLabelText node_modules/@testing-library/dom/dist/queries/label-text.js:[2m111:38[22m[39m
[90m [2m❯[22m node_modules/@testing-library/dom/dist/query-helpers.js:[2m52:17[22m[39m
[90m [2m❯[22m getByLabelText node_modules/@testing-library/dom/dist/query-helpers.js:[2m95:19[22m[39m
[36m [2m❯[22m src/components/auth/auth-right/AuthLoginForm.test.jsx:[2m134:19[22m[39m
    [90m132| [39m  [34mit[39m([32m"các input email và password phải có thuộc tính required"[39m[33m,[39m () [33m=>[39m {
    [90m133| [39m    [34mrenderUI[39m()[33m;[39m
    [90m134| [39m    [34mexpect[39m(screen[33m.[39m[34mgetByLabelText[39m([36m/Email \/ Username/i[39m))[33m.[39m[34mtoBeRequired[39m()[33m;[39m
    [90m   | [39m                  [31m^[39m
    [90m135| [39m    expect(screen.getByPlaceholderText(/Enter password/i)).toBeRequire…
    [90m136| [39m  })[33m;[39m

[31m[2m⎯⎯⎯⎯⎯⎯⎯⎯⎯⎯⎯⎯⎯⎯⎯⎯⎯⎯⎯⎯⎯⎯[12/20]⎯[22m[39m

[41m[1m FAIL [22m[49m src/components/auth/auth-right/AuthRight.test.jsx[2m > [22mrender AuthRight layout
[31m[1mTestingLibraryElementError[22m: Unable to find an element by: [data-testid="header"]

Ignored nodes: comments, script, style
[36m<body>[31m
  [36m<div>[31m
    [36m<div[31m
      [33mclass[31m=[32m"col-lg-6 auth-right bg-white p-0 d-flex flex-column h-100"[31m
    [36m>[31m
      [36m<div[31m
        [33mclass[31m=[32m"auth-banner-mobile d-lg-none"[31m
      [36m>[31m
        [36m<img[31m
          [33malt[31m=[32m"Banner"[31m
          [33mclass[31m=[32m"auth-banner-img"[31m
          [33msrc[31m=[32m"https://lh3.googleusercontent.com/aida-public/AB6AXuBeItZ62kfSUg1zYALne-800k4zTmtIU23M8RgPaZdyr_gp4E4wdis7JpuanRWAca9DRwANX3E0gQ5oblKZDDsjjqgsr05cSOHA34YvcjaKOQwGPqc9XcZ03Or--PAzU_Xh-IWxXMMkcSrQfCUutunKNN81UXhlcTJvcBS9x2uvIBX7TTf_BTfgD1MGd36BZwoKkH1JiTvvkH3sOyj7Gg3MeEHyz2W-6S3-4hU44SgehHv-mwJd7TEdf8admcV88v0FfoITPZmuPgo"[31m
        [36m/>[31m
        [36m<div[31m
          [33mclass[31m=[32m"auth-banner-overlay"[31m
        [36m>[31m
          [36m<div[31m
            [33mclass[31m=[32m"auth-logo-text"[31m
            [33mstyle[31m=[32m"font-size: 24px;"[31m
          [36m>[31m
            [0mVELZON[0m
          [36m</div>[31m
          [36m<div[31m
            [33mclass[31m=[32m"auth-title-container"[31m
            [33mstyle[31m=[32m"margin-bottom: 35px;"[31m
          [36m>[31m
            [36m<h1[31m
              [33mclass[31m=[32m"auth-main-title"[31m
            [36m>[31m
              [0mLabel data with [0m
              [36m<br />[31m
              [36m<span[31m
                [33mclass[31m=[32m"text-precision"[31m
              [36m>[31m
                [0mprecision.[0m
              [36m</span>[31m
            [36m</h1>[31m
          [36m</div>[31m
          [36m<div[31m
            [33mclass[31m=[32m"annotation-box"[31m
            [33mstyle[31m=[32m"top: 25%; left: 5%; width: 90%; height: 25%;"[31m
          [36m>[31m
            [36m<span[31m
              [33mclass[31m=[32m"annotation-tag"[31m
              [33mstyle[31m=[32m"font-size: 7px;"[31m
            [36m>[31m
              [36m<i[31m
                [33mclass[31m=[32m"ri-focus-3-line me-1"[31m
              [36m/>[31m
              [0mLabel data with[0m
            [36m</span>[31m
            [36m<div[31m
              [33mclass[31m=[32m"anchor-point"[31m
              [33mstyle[31m=[32m"top: 0px; left: 0px;"[31m
            [36m/>[31m
            [36m<div[31m
              [33mclass[31m=[32m"anchor-point"[31m
              [33mstyle[31m=[32m"top: 0px; left: 100%;"[31m
            [36m/>[31m
            [36m<div[31m
              [33mclass[31m=[32m"anchor-point"[31m
              [33mstyle[31m=[32m"top: 100%; left: 0px;"[31m
            [36m/>[31m
            [36m<div[31m
              [33mclass[31m=[32m"anchor-point"[31m
              [33mstyle[31m=[32m"top: 100%; left: 100%;"[31m
            [36m/>[31m
          [36m</div>[31m
        [36m</div>[31m
      [36m</div>[31m
      [36m<div[31m
        [33mclass[31m=[32m"auth-form-container d-flex flex-column justify-content-center h-100"[31m
      [36m>[31m
        [36m<div[31m
          [33mclass[31m=[32m"auth-form-content"[31m
        [36m>[31m
          [36m<h2[31m
            [33mclass[31m=[32m"mb-1"[31m
          [36m>[31m
            [0mChào mừng trở lại![0m
          [36m</h2>[31m
          [36m<p[31m
            [33mclass[31m=[32m"text-muted mb-4"[31m
          [36m>[31m
            [0mĐăng nhập để tiếp tục với[0m
            [36m<span[31m
              [33mclass[31m=[32m"text-primary"[31m
            [36m>[31m
              [0mAILABEL[0m
            [36m</span>[31m
          [36m</p>[31m
          [36m<div[31m
            [33mdata-testid[31m=[32m"form"[31m
          [36m/>[31m
          [36m<div[31m
            [33mclass[31m=[32m"mt-3 text-center text-md-start"[31m
          [36m>[31m
            [36m<div[31m
              [33mdata-testid[31m=[32m"register"[31m
            [36m/>[31m
          [36m</div>[31m
        [36m</div>[31m
      [36m</div>[31m
    [36m</div>[31m
  [36m</div>[31m
[36m</body>[31m[39m
[90m [2m❯[22m Object.getElementError node_modules/@testing-library/dom/dist/config.js:[2m37:19[22m[39m
[90m [2m❯[22m node_modules/@testing-library/dom/dist/query-helpers.js:[2m76:38[22m[39m
[90m [2m❯[22m node_modules/@testing-library/dom/dist/query-helpers.js:[2m52:17[22m[39m
[90m [2m❯[22m getByTestId node_modules/@testing-library/dom/dist/query-helpers.js:[2m95:19[22m[39m
[36m [2m❯[22m src/components/auth/auth-right/AuthRight.test.jsx:[2m17:17[22m[39m
    [90m 15| [39m[34mtest[39m([32m"render AuthRight layout"[39m[33m,[39m () [33m=>[39m {
    [90m 16| [39m  [34mrender[39m([33m<[39m[33mAuthRight[39m [33m/[39m[33m>[39m)[33m;[39m
    [90m 17| [39m  [34mexpect[39m(screen[33m.[39m[34mgetByTestId[39m([32m"header"[39m))[33m.[39m[34mtoBeInTheDocument[39m()[33m;[39m
    [90m   | [39m                [31m^[39m
    [90m 18| [39m})[33m;[39m
    [90m 19| [39m

[31m[2m⎯⎯⎯⎯⎯⎯⎯⎯⎯⎯⎯⎯⎯⎯⎯⎯⎯⎯⎯⎯⎯⎯[13/20]⎯[22m[39m

[41m[1m FAIL [22m[49m src/components/auth/auth-right/AuthRightHeader.test.jsx[2m > [22mAuthRightHeader[2m > [22mnên hiển thị tiêu đề chính (Heading)
[31m[1mTestingLibraryElementError[22m: Unable to find an accessible element with the role "heading"

Here are the accessible roles:

  heading:

  Name "Chào mừng trở lại!":
  [36m<h2[31m
    [33mclass[31m=[32m"fw-bold text-dark"[31m
  [36m/>[31m

  --------------------------------------------------
  paragraph:

  Name "":
  [36m<p[31m
    [33mclass[31m=[32m"text-muted fw-medium"[31m
  [36m/>[31m

  --------------------------------------------------

Ignored nodes: comments, script, style
[36m<body>[31m
  [36m<div>[31m
    [36m<div[31m
      [33mclass[31m=[32m"text-center text-lg-start"[31m
    [36m>[31m
      [36m<h2[31m
        [33mclass[31m=[32m"fw-bold text-dark"[31m
      [36m>[31m
        [0mChào mừng trở lại![0m
      [36m</h2>[31m
      [36m<p[31m
        [33mclass[31m=[32m"text-muted fw-medium"[31m
      [36m>[31m
        [0mĐăng nhập để tiếp tục với AILABEL[0m
      [36m</p>[31m
    [36m</div>[31m
  [36m</div>[31m
[36m</body>[31m[39m
[90m [2m❯[22m Object.getElementError node_modules/@testing-library/dom/dist/config.js:[2m37:19[22m[39m
[90m [2m❯[22m node_modules/@testing-library/dom/dist/query-helpers.js:[2m76:38[22m[39m
[90m [2m❯[22m node_modules/@testing-library/dom/dist/query-helpers.js:[2m52:17[22m[39m
[90m [2m❯[22m getByRole node_modules/@testing-library/dom/dist/query-helpers.js:[2m95:19[22m[39m
[36m [2m❯[22m src/components/auth/auth-right/AuthRightHeader.test.jsx:[2m9:14[22m[39m
    [90m  7| [39m    [34mrender[39m([33m<[39m[33mAuthRightHeader[39m [33m/[39m[33m>[39m)[33m;[39m
    [90m  8| [39m    [35mconst[39m heading [33m=[39m
    [90m  9| [39m      screen.getByRole("heading", { level: 5 }) || screen.getByRole("h…
    [90m   | [39m             [31m^[39m
    [90m 10| [39m    [34mexpect[39m(heading)[33m.[39m[34mtoBeInTheDocument[39m()[33m;[39m
    [90m 11| [39m  })[33m;[39m

[31m[2m⎯⎯⎯⎯⎯⎯⎯⎯⎯⎯⎯⎯⎯⎯⎯⎯⎯⎯⎯⎯⎯⎯[14/20]⎯[22m[39m

[41m[1m FAIL [22m[49m src/components/auth/auth-right/AuthRightHeader.test.jsx[2m > [22mAuthRightHeader[2m > [22mnên hiển thị sub-title phù hợp với nội dung
[31m[1mAssertionError[22m: expected null not to be null[39m
[36m [2m❯[22m src/components/auth/auth-right/AuthRightHeader.test.jsx:[2m21:26[22m[39m
    [90m 19| [39m      screen[33m.[39m[34mqueryByText[39m([36m/welcome back/i[39m)[33m;[39m
    [90m 20| [39m
    [90m 21| [39m    [34mexpect[39m(subTitle)[33m.[39mnot[33m.[39m[34mtoBeNull[39m()[33m;[39m
    [90m   | [39m                         [31m^[39m
    [90m 22| [39m    [34mexpect[39m(subTitle)[33m.[39m[34mtoBeInTheDocument[39m()[33m;[39m
    [90m 23| [39m  })[33m;[39m

[31m[2m⎯⎯⎯⎯⎯⎯⎯⎯⎯⎯⎯⎯⎯⎯⎯⎯⎯⎯⎯⎯⎯⎯[15/20]⎯[22m[39m

[41m[1m FAIL [22m[49m src/components/auth/auth-right/AuthRightHeader.test.jsx[2m > [22mAuthRightHeader[2m > [22mnên có class CSS đúng để hiển thị màu sắc thương hiệu
[31m[1mError[22m: [2mexpect([22m[31melement[31m[2m).toHaveClass([22m[32m[32m"text-primary"[32m[31m[2m)[22m

Expected the element to have class:
[32m  text-primary[31m
Received:
[31m  fw-bold text-dark[31m[39m
[36m [2m❯[22m src/components/auth/auth-right/AuthRightHeader.test.jsx:[2m28:19[22m[39m
    [90m 26| [39m    [34mrender[39m([33m<[39m[33mAuthRightHeader[39m [33m/[39m[33m>[39m)[33m;[39m
    [90m 27| [39m    [35mconst[39m title [33m=[39m screen[33m.[39m[34mgetByRole[39m([32m"heading"[39m)[33m;[39m
    [90m 28| [39m    [34mexpect[39m(title)[33m.[39m[34mtoHaveClass[39m([32m"text-primary"[39m)[33m;[39m
    [90m   | [39m                  [31m^[39m
    [90m 29| [39m  })[33m;[39m
    [90m 30| [39m})[33m;[39m

[31m[2m⎯⎯⎯⎯⎯⎯⎯⎯⎯⎯⎯⎯⎯⎯⎯⎯⎯⎯⎯⎯⎯⎯[16/20]⎯[22m[39m

[41m[1m FAIL [22m[49m src/page/auth/login/LoginPage.test.jsx[2m > [22mLoginPage - Layout & UI Integration[2m > [22mnên render khung trang và card layout đúng class Bootstrap
[31m[1mError[22m: [2mexpect([22m[31mreceived[31m[2m).toBeInTheDocument()[22m

[31mreceived[31m value must be an HTMLElement or an SVGElement.
Received has type:  Null
Received has value: [31mnull[31m[39m
[36m [2m❯[22m src/page/auth/login/LoginPage.test.jsx:[2m40:59[22m[39m
    [90m 38| [39m    [35mconst[39m { container } [33m=[39m [34mrenderLogin[39m()[33m;[39m
    [90m 39| [39m    expect(container.querySelector(".auth-page-wrapper")).toBeInTheDoc…
    [90m 40| [39m    expect(container.querySelector(".auth-page-content")).toBeInTheDoc…
    [90m   | [39m                                                          [31m^[39m
    [90m 41| [39m  })[33m;[39m
    [90m 42| [39m

[31m[2m⎯⎯⎯⎯⎯⎯⎯⎯⎯⎯⎯⎯⎯⎯⎯⎯⎯⎯⎯⎯⎯⎯[17/20]⎯[22m[39m

[41m[1m FAIL [22m[49m src/page/auth/login/LoginPage.test.jsx[2m > [22mLoginPage - Layout & UI Integration[2m > [22mnên disable các trường input khi đang loading
[31m[1mTestingLibraryElementError[22m[39m: Found a label with the text of: /Email \/ Username|Email/i, however no form control was found associated to that label. Make sure you're using the "for" attribute or "aria-labelledby" attribute correctly.

Ignored nodes: comments, script, style
[36m<body[39m
  [33mstyle[39m=[32m"overflow: hidden;"[39m
[36m>[39m
  [36m<div>[39m
    [36m<div[39m
      [33mclass[39m=[32m"auth-page-wrapper bg-light d-flex align-items-center justify-content-center min-vh-100 py-4"[39m
      [33mstyle[39m=[32m"overflow-y: auto;"[39m
    [36m>[39m
      [36m<div[39m
        [33mclass[39m=[32m"container p-0"[39m
      [36m>[39m
        [36m<div[39m
          [33mclass[39m=[32m"row justify-content-center g-0"[39m
        [36m>[39m
          [36m<div[39m
            [33mclass[39m=[32m"col-xl-9 col-lg-10 col-md-11 p-0"[39m
          [36m>[39m
            [36m<div[39m
              [33mclass[39m=[32m"auth-card d-flex flex-column flex-lg-row border-0 shadow-lg rounded-4 mx-3 mx-lg-2 bg-white overflow-hidden"[39m
            [36m>[39m
              [36m<div[39m
                [33mclass[39m=[32m"col-lg-6 d-none d-lg-block p-0"[39m
              [36m>[39m
                [36m<div[39m
                  [33mclass[39m=[32m"auth-one-bg auth-left h-100 position-relative"[39m
                [36m>[39m
                  [36m<div[39m
                    [33mclass[39m=[32m"bg-overlay"[39m
                  [36m/>[39m
                  [36m<div[39m
                    [33mclass[39m=[32m"auth-left-inner"[39m
                  [36m>[39m
                    [36m<div[39m
                      [33mclass[39m=[32m"auth-left-content"[39m
                    [36m>[39m
                      [36m<div>[39m
                        [36m<div[39m
                          [33mclass[39m=[32m"mb-4"[39m
                        [36m>[39m
                          [36m<a[39m
                            [33mclass[39m=[32m"d-block"[39m
                            [33mdata-discover[39m=[32m"true"[39m
                            [33mhref[39m=[32m"/"[39m
                          [36m>[39m
                            [36m<img[39m
                              [33malt[39m=[32m"logo"[39m
                              [33mheight[39m=[32m"22"[39m
                              [33msrc[39m=[32m"/src/assets/images/logo-light.png"[39m
                            [36m/>[39m
                          [36m</a>[39m
                        [36m</div>[39m
                        [36m<div[39m
                          [33mclass[39m=[32m"mt-4 text-white"[39m
                          [33mstyle[39m=[32m"padding-left: 5px;"[39m
                        [36m>[39m
                          [36m<h1[39m
                            [33mclass[39m=[32m"display-6 fw-bold mb-3 text-white"[39m
                          [36m>[39m
                            [0mLabel data with [0m
                            [36m<br />[39m
                            [36m<span[39m
                              [33mclass[39m=[32m"text-primary"[39m
                            [36m>[39m
                              [0mprecision.[0m
                            [36m</span>[39m
                          [36m</h1>[39m
                          [36m<p[39m
                            [33mclass[39m=[32m"text-white-50 fs-16 fw-light max-w-text"[39m
                          [36m>[39m
                            [0mNền tảng gán nhãn dữ liệu thông minh, chuyển hóa hình ảnh thành trí tuệ nhân tạo.[0m
                          [36m</p>[39m
                        [36m</div>[39m
                      [36m</div>[39m
                      [36m<div[39m
                        [33mclass[39m=[32m"annotation-box"[39m
                        [33mstyle[39m=[32m"top: 60%; left: 15%; width: 62%; height: 18%;"[39m
                      [36m>[39m
                        [36m<span[39m
                          [33mclass[39m=[32m"annotation-tag"[39m
                        [36m>[39m
                          [36m<i[39m
                            [33mclass[39m=[32m"ri-focus-3-line me-1"[39m
                          [36m/>[39m
                          [0mLaptop: Object 99.2%[0m
                        [36m</span>[39m
                        [36m<div[39m
                          [33mclass[39m=[32m"anchor-point"[39m
                          [33mstyle[39m=[32m"top: 0px; left: 0px;"[39m
                        [36m/>[39m
                        [36m<div[39m
                          [33mclass[39m=[32m"anchor-point"[39m
                          [33mstyle[39m=[32m"top: 0px; left: 100%;"[39m
                        [36m/>[39m
                        [36m<div[39m
                          [33mclass[39m=[32m"anchor-point"[39m
                          [33mstyle[39m=[32m"top: 100%; left: 0px;"[39m
                        [36m/>[39m
                        [36m<div[39m
                          [33mclass[39m=[32m"anchor-point"[39m
                          [33mstyle[39m=[32m"top: 100%; left: 100%;"[39m
                        [36m/>[39m
                      [36m</div>[39m
                      [36m<div[39m
                        [33mclass[39m=[32m"quotes-wrapper"[39m
                        [33mstyle[39m=[32m"padding-left: 5px; padding-top: 30px;"[39m
                      [36m>[39m
                        [36m<div[39m
                          [33mclass[39m=[32m"w-100 quotes-carousel-container"[39m
                        [36m>[39m
                          [36m<div[39m
                            [33mclass[39m=[32m"text-start carousel slide carousel-fade"[39m
                          [36m>[39m
                            [36m<div[39m
                              [33mclass[39m=[32m"carousel-indicators"[39m
                            [36m>[39m
                              [36m<button[39m
                                [33maria-current[39m=[32m"true"[39m
                                [33maria-label[39m=[32m"Slide 1"[39m
                                [33mclass[39m=[32m"active"[39m
                                [33mdata-bs-target[39m=[32m""[39m
                                [33mtype[39m=[32m"button"[39m
                              [36m/>[39m
                              [36m<button[39m
                                [33maria-current[39m=[32m"false"[39m
                                [33maria-label[39m=[32m"Slide 2"[39m
                                [33mdata-bs-target[39m=[32m""[39m
                                [33mtype[39m=[32m"button"[39m
                              [36m/>[39m
                              [36m<button[39m
                                [33maria-current[39m=[32m"false"[39m
                                [33maria-label[39m=[32m"Slide 3"[39m
                                [33mdata-bs-target[39m=[32m""[39m
                                [33mtype[39m=[32m"button"[39m
                              [36m/>[39m
                            [36m</div>[...
[90m [2m❯[22m Object.getElementError node_modules/@testing-library/dom/dist/config.js:[2m37:19[22m[39m
[90m [2m❯[22m getAllByLabelText node_modules/@testing-library/dom/dist/queries/label-text.js:[2m108:40[22m[39m
[90m [2m❯[22m node_modules/@testing-library/dom/dist/query-helpers.js:[2m52:17[22m[39m
[90m [2m❯[22m getByLabelText node_modules/@testing-library/dom/dist/query-helpers.js:[2m95:19[22m[39m
[36m [2m❯[22m src/page/auth/login/LoginPage.test.jsx:[2m54:31[22m[39m
    [90m 52| [39m    [34mrenderLogin[39m({ auth[33m:[39m { loading[33m:[39m [35mtrue[39m } })[33m;[39m
    [90m 53| [39m
    [90m 54| [39m    const emailInput = screen.getByLabelText(/Email \/ Username|Email/…
    [90m   | [39m                              [31m^[39m
    [90m 55| [39m    [35mconst[39m submitBtn [33m=[39m screen[33m.[39m[34mgetByRole[39m([32m"button"[39m[33m,[39m {
    [90m 56| [39m      name[33m:[39m [36m/sign in|logging in/i[39m[33m,[39m

[31m[2m⎯⎯⎯⎯⎯⎯⎯⎯⎯⎯⎯⎯⎯⎯⎯⎯⎯⎯⎯⎯⎯⎯[18/20]⎯[22m[39m

[41m[1m FAIL [22m[49m src/page/auth/login/LoginPage.test.jsx[2m > [22mLoginPage - Layout & UI Integration[2m > [22mnên cho phép nhập liệu vào form
[31m[1mTestingLibraryElementError[22m[39m: Unable to find an element with the placeholder text of: /Enter email|Enter username/i

Ignored nodes: comments, script, style
[36m<body[39m
  [33mstyle[39m=[32m"overflow: hidden;"[39m
[36m>[39m
  [36m<div>[39m
    [36m<div[39m
      [33mclass[39m=[32m"auth-page-wrapper bg-light d-flex align-items-center justify-content-center min-vh-100 py-4"[39m
      [33mstyle[39m=[32m"overflow-y: auto;"[39m
    [36m>[39m
      [36m<div[39m
        [33mclass[39m=[32m"container p-0"[39m
      [36m>[39m
        [36m<div[39m
          [33mclass[39m=[32m"row justify-content-center g-0"[39m
        [36m>[39m
          [36m<div[39m
            [33mclass[39m=[32m"col-xl-9 col-lg-10 col-md-11 p-0"[39m
          [36m>[39m
            [36m<div[39m
              [33mclass[39m=[32m"auth-card d-flex flex-column flex-lg-row border-0 shadow-lg rounded-4 mx-3 mx-lg-2 bg-white overflow-hidden"[39m
            [36m>[39m
              [36m<div[39m
                [33mclass[39m=[32m"col-lg-6 d-none d-lg-block p-0"[39m
              [36m>[39m
                [36m<div[39m
                  [33mclass[39m=[32m"auth-one-bg auth-left h-100 position-relative"[39m
                [36m>[39m
                  [36m<div[39m
                    [33mclass[39m=[32m"bg-overlay"[39m
                  [36m/>[39m
                  [36m<div[39m
                    [33mclass[39m=[32m"auth-left-inner"[39m
                  [36m>[39m
                    [36m<div[39m
                      [33mclass[39m=[32m"auth-left-content"[39m
                    [36m>[39m
                      [36m<div>[39m
                        [36m<div[39m
                          [33mclass[39m=[32m"mb-4"[39m
                        [36m>[39m
                          [36m<a[39m
                            [33mclass[39m=[32m"d-block"[39m
                            [33mdata-discover[39m=[32m"true"[39m
                            [33mhref[39m=[32m"/"[39m
                          [36m>[39m
                            [36m<img[39m
                              [33malt[39m=[32m"logo"[39m
                              [33mheight[39m=[32m"22"[39m
                              [33msrc[39m=[32m"/src/assets/images/logo-light.png"[39m
                            [36m/>[39m
                          [36m</a>[39m
                        [36m</div>[39m
                        [36m<div[39m
                          [33mclass[39m=[32m"mt-4 text-white"[39m
                          [33mstyle[39m=[32m"padding-left: 5px;"[39m
                        [36m>[39m
                          [36m<h1[39m
                            [33mclass[39m=[32m"display-6 fw-bold mb-3 text-white"[39m
                          [36m>[39m
                            [0mLabel data with [0m
                            [36m<br />[39m
                            [36m<span[39m
                              [33mclass[39m=[32m"text-primary"[39m
                            [36m>[39m
                              [0mprecision.[0m
                            [36m</span>[39m
                          [36m</h1>[39m
                          [36m<p[39m
                            [33mclass[39m=[32m"text-white-50 fs-16 fw-light max-w-text"[39m
                          [36m>[39m
                            [0mNền tảng gán nhãn dữ liệu thông minh, chuyển hóa hình ảnh thành trí tuệ nhân tạo.[0m
                          [36m</p>[39m
                        [36m</div>[39m
                      [36m</div>[39m
                      [36m<div[39m
                        [33mclass[39m=[32m"annotation-box"[39m
                        [33mstyle[39m=[32m"top: 60%; left: 15%; width: 62%; height: 18%;"[39m
                      [36m>[39m
                        [36m<span[39m
                          [33mclass[39m=[32m"annotation-tag"[39m
                        [36m>[39m
                          [36m<i[39m
                            [33mclass[39m=[32m"ri-focus-3-line me-1"[39m
                          [36m/>[39m
                          [0mLaptop: Object 99.2%[0m
                        [36m</span>[39m
                        [36m<div[39m
                          [33mclass[39m=[32m"anchor-point"[39m
                          [33mstyle[39m=[32m"top: 0px; left: 0px;"[39m
                        [36m/>[39m
                        [36m<div[39m
                          [33mclass[39m=[32m"anchor-point"[39m
                          [33mstyle[39m=[32m"top: 0px; left: 100%;"[39m
                        [36m/>[39m
                        [36m<div[39m
                          [33mclass[39m=[32m"anchor-point"[39m
                          [33mstyle[39m=[32m"top: 100%; left: 0px;"[39m
                        [36m/>[39m
                        [36m<div[39m
                          [33mclass[39m=[32m"anchor-point"[39m
                          [33mstyle[39m=[32m"top: 100%; left: 100%;"[39m
                        [36m/>[39m
                      [36m</div>[39m
                      [36m<div[39m
                        [33mclass[39m=[32m"quotes-wrapper"[39m
                        [33mstyle[39m=[32m"padding-left: 5px; padding-top: 30px;"[39m
                      [36m>[39m
                        [36m<div[39m
                          [33mclass[39m=[32m"w-100 quotes-carousel-container"[39m
                        [36m>[39m
                          [36m<div[39m
                            [33mclass[39m=[32m"text-start carousel slide carousel-fade"[39m
                          [36m>[39m
                            [36m<div[39m
                              [33mclass[39m=[32m"carousel-indicators"[39m
                            [36m>[39m
                              [36m<button[39m
                                [33maria-current[39m=[32m"true"[39m
                                [33maria-label[39m=[32m"Slide 1"[39m
                                [33mclass[39m=[32m"active"[39m
                                [33mdata-bs-target[39m=[32m""[39m
                                [33mtype[39m=[32m"button"[39m
                              [36m/>[39m
                              [36m<button[39m
                                [33maria-current[39m=[32m"false"[39m
                                [33maria-label[39m=[32m"Slide 2"[39m
                                [33mdata-bs-target[39m=[32m""[39m
                                [33mtype[39m=[32m"button"[39m
                              [36m/>[39m
                              [36m<button[39m
                                [33maria-current[39m=[32m"false"[39m
                                [33maria-label[39m=[32m"Slide 3"[39m
                                [33mdata-bs-target[39m=[32m""[39m
                                [33mtype[39m=[32m"button"[39m
                              [36m/>[39m
                            [36m</div>[...
[90m [2m❯[22m Object.getElementError node_modules/@testing-library/dom/dist/config.js:[2m37:19[22m[39m
[90m [2m❯[22m node_modules/@testing-library/dom/dist/query-helpers.js:[2m76:38[22m[39m
[90m [2m❯[22m node_modules/@testing-library/dom/dist/query-helpers.js:[2m52:17[22m[39m
[90m [2m❯[22m getByPlaceholderText node_modules/@testing-library/dom/dist/query-helpers.js:[2m95:19[22m[39m
[36m [2m❯[22m src/page/auth/login/LoginPage.test.jsx:[2m66:31[22m[39m
    [90m 64| [39m    [34mrenderLogin[39m()[33m;[39m
    [90m 65| [39m
    [90m 66| [39m    [35mconst[39m emailInput [33m=[39m screen[33m.[39m[34mgetByPlaceholderText[39m(
    [90m   | [39m                              [31m^[39m
    [90m 67| [39m      [36m/Enter email|Enter username/i[39m[33m,[39m
    [90m 68| [39m    )[33m;[39m

[31m[2m⎯⎯⎯⎯⎯⎯⎯⎯⎯⎯⎯⎯⎯⎯⎯⎯⎯⎯⎯⎯⎯⎯[19/20]⎯[22m[39m

[41m[1m FAIL [22m[49m src/page/auth/login/LoginPage.test.jsx[2m > [22mLoginPage - Layout & UI Integration[2m > [22mnên chuyển đổi hiển thị mật khẩu khi nhấn icon eye
[31m[1mTestingLibraryElementError[22m[39m: Unable to find an element with the placeholder text of: /Enter password/i

Ignored nodes: comments, script, style
[36m<body[39m
  [33mstyle[39m=[32m"overflow: hidden;"[39m
[36m>[39m
  [36m<div>[39m
    [36m<div[39m
      [33mclass[39m=[32m"auth-page-wrapper bg-light d-flex align-items-center justify-content-center min-vh-100 py-4"[39m
      [33mstyle[39m=[32m"overflow-y: auto;"[39m
    [36m>[39m
      [36m<div[39m
        [33mclass[39m=[32m"container p-0"[39m
      [36m>[39m
        [36m<div[39m
          [33mclass[39m=[32m"row justify-content-center g-0"[39m
        [36m>[39m
          [36m<div[39m
            [33mclass[39m=[32m"col-xl-9 col-lg-10 col-md-11 p-0"[39m
          [36m>[39m
            [36m<div[39m
              [33mclass[39m=[32m"auth-card d-flex flex-column flex-lg-row border-0 shadow-lg rounded-4 mx-3 mx-lg-2 bg-white overflow-hidden"[39m
            [36m>[39m
              [36m<div[39m
                [33mclass[39m=[32m"col-lg-6 d-none d-lg-block p-0"[39m
              [36m>[39m
                [36m<div[39m
                  [33mclass[39m=[32m"auth-one-bg auth-left h-100 position-relative"[39m
                [36m>[39m
                  [36m<div[39m
                    [33mclass[39m=[32m"bg-overlay"[39m
                  [36m/>[39m
                  [36m<div[39m
                    [33mclass[39m=[32m"auth-left-inner"[39m
                  [36m>[39m
                    [36m<div[39m
                      [33mclass[39m=[32m"auth-left-content"[39m
                    [36m>[39m
                      [36m<div>[39m
                        [36m<div[39m
                          [33mclass[39m=[32m"mb-4"[39m
                        [36m>[39m
                          [36m<a[39m
                            [33mclass[39m=[32m"d-block"[39m
                            [33mdata-discover[39m=[32m"true"[39m
                            [33mhref[39m=[32m"/"[39m
                          [36m>[39m
                            [36m<img[39m
                              [33malt[39m=[32m"logo"[39m
                              [33mheight[39m=[32m"22"[39m
                              [33msrc[39m=[32m"/src/assets/images/logo-light.png"[39m
                            [36m/>[39m
                          [36m</a>[39m
                        [36m</div>[39m
                        [36m<div[39m
                          [33mclass[39m=[32m"mt-4 text-white"[39m
                          [33mstyle[39m=[32m"padding-left: 5px;"[39m
                        [36m>[39m
                          [36m<h1[39m
                            [33mclass[39m=[32m"display-6 fw-bold mb-3 text-white"[39m
                          [36m>[39m
                            [0mLabel data with [0m
                            [36m<br />[39m
                            [36m<span[39m
                              [33mclass[39m=[32m"text-primary"[39m
                            [36m>[39m
                              [0mprecision.[0m
                            [36m</span>[39m
                          [36m</h1>[39m
                          [36m<p[39m
                            [33mclass[39m=[32m"text-white-50 fs-16 fw-light max-w-text"[39m
                          [36m>[39m
                            [0mNền tảng gán nhãn dữ liệu thông minh, chuyển hóa hình ảnh thành trí tuệ nhân tạo.[0m
                          [36m</p>[39m
                        [36m</div>[39m
                      [36m</div>[39m
                      [36m<div[39m
                        [33mclass[39m=[32m"annotation-box"[39m
                        [33mstyle[39m=[32m"top: 60%; left: 15%; width: 62%; height: 18%;"[39m
                      [36m>[39m
                        [36m<span[39m
                          [33mclass[39m=[32m"annotation-tag"[39m
                        [36m>[39m
                          [36m<i[39m
                            [33mclass[39m=[32m"ri-focus-3-line me-1"[39m
                          [36m/>[39m
                          [0mLaptop: Object 99.2%[0m
                        [36m</span>[39m
                        [36m<div[39m
                          [33mclass[39m=[32m"anchor-point"[39m
                          [33mstyle[39m=[32m"top: 0px; left: 0px;"[39m
                        [36m/>[39m
                        [36m<div[39m
                          [33mclass[39m=[32m"anchor-point"[39m
                          [33mstyle[39m=[32m"top: 0px; left: 100%;"[39m
                        [36m/>[39m
                        [36m<div[39m
                          [33mclass[39m=[32m"anchor-point"[39m
                          [33mstyle[39m=[32m"top: 100%; left: 0px;"[39m
                        [36m/>[39m
                        [36m<div[39m
                          [33mclass[39m=[32m"anchor-point"[39m
                          [33mstyle[39m=[32m"top: 100%; left: 100%;"[39m
                        [36m/>[39m
                      [36m</div>[39m
                      [36m<div[39m
                        [33mclass[39m=[32m"quotes-wrapper"[39m
                        [33mstyle[39m=[32m"padding-left: 5px; padding-top: 30px;"[39m
                      [36m>[39m
                        [36m<div[39m
                          [33mclass[39m=[32m"w-100 quotes-carousel-container"[39m
                        [36m>[39m
                          [36m<div[39m
                            [33mclass[39m=[32m"text-start carousel slide carousel-fade"[39m
                          [36m>[39m
                            [36m<div[39m
                              [33mclass[39m=[32m"carousel-indicators"[39m
                            [36m>[39m
                              [36m<button[39m
                                [33maria-current[39m=[32m"true"[39m
                                [33maria-label[39m=[32m"Slide 1"[39m
                                [33mclass[39m=[32m"active"[39m
                                [33mdata-bs-target[39m=[32m""[39m
                                [33mtype[39m=[32m"button"[39m
                              [36m/>[39m
                              [36m<button[39m
                                [33maria-current[39m=[32m"false"[39m
                                [33maria-label[39m=[32m"Slide 2"[39m
                                [33mdata-bs-target[39m=[32m""[39m
                                [33mtype[39m=[32m"button"[39m
                              [36m/>[39m
                              [36m<button[39m
                                [33maria-current[39m=[32m"false"[39m
                                [33maria-label[39m=[32m"Slide 3"[39m
                                [33mdata-bs-target[39m=[32m""[39m
                                [33mtype[39m=[32m"button"[39m
                              [36m/>[39m
                            [36m</div>[...
[90m [2m❯[22m Object.getElementError node_modules/@testing-library/dom/dist/config.js:[2m37:19[22m[39m
[90m [2m❯[22m node_modules/@testing-library/dom/dist/query-helpers.js:[2m76:38[22m[39m
[90m [2m❯[22m node_modules/@testing-library/dom/dist/query-helpers.js:[2m52:17[22m[39m
[90m [2m❯[22m getByPlaceholderText node_modules/@testing-library/dom/dist/query-helpers.js:[2m95:19[22m[39m
[36m [2m❯[22m src/page/auth/login/LoginPage.test.jsx:[2m81:34[22m[39m
    [90m 79| [39m    [34mrenderLogin[39m()[33m;[39m
    [90m 80| [39m
    [90m 81| [39m    const passwordInput = screen.getByPlaceholderText(/Enter password/…
    [90m   | [39m                                 [31m^[39m
    [90m 82| [39m    [35mconst[39m toggleBtn [33m=[39m screen[33m.[39m[34mgetByRole[39m([32m"button"[39m[33m,[39m {
    [90m 83| [39m      name[33m:[39m [36m/toggle password visibility/i[39m[33m,[39m

[31m[2m⎯⎯⎯⎯⎯⎯⎯⎯⎯⎯⎯⎯⎯⎯⎯⎯⎯⎯⎯⎯⎯⎯[20/20]⎯[22m[39m


[2m Test Files [22m [1m[31m8 failed[39m[22m[2m | [22m[1m[32m10 passed[39m[22m[90m (18)[39m
[2m      Tests [22m [1m[31m20 failed[39m[22m[2m | [22m[1m[32m40 passed[39m[22m[2m | [22m[33m2 skipped[39m[90m (62)[39m
[2m   Start at [22m 15:09:09
[2m   Duration [22m 23.47s[2m (transform 3.16s, setup 1.44s, import 10.95s, tests 20.72s, environment 15.19s)[22m
